Archive member included to satisfy reference by file (symbol)

C:/Users/User/AppData/Roaming/xPacks/@xpack-dev-tools/arm-none-eabi-gcc/15.2.1-1.1.1/.content/bin/../lib/gcc/arm-none-eabi/15.2.1/thumb/v7e-m/nofp\libgcc.a(_aeabi_uldivmod.o)
                              ./system/src/stm32f4-hal/stm32f4xx_hal_rcc.o (__aeabi_uldivmod)
C:/Users/User/AppData/Roaming/xPacks/@xpack-dev-tools/arm-none-eabi-gcc/15.2.1-1.1.1/.content/bin/../lib/gcc/arm-none-eabi/15.2.1/thumb/v7e-m/nofp\libgcc.a(_udivmoddi4.o)
                              C:/Users/User/AppData/Roaming/xPacks/@xpack-dev-tools/arm-none-eabi-gcc/15.2.1-1.1.1/.content/bin/../lib/gcc/arm-none-eabi/15.2.1/thumb/v7e-m/nofp\libgcc.a(_aeabi_uldivmod.o) (__udivmoddi4)
C:/Users/User/AppData/Roaming/xPacks/@xpack-dev-tools/arm-none-eabi-gcc/15.2.1-1.1.1/.content/bin/../lib/gcc/arm-none-eabi/15.2.1/thumb/v7e-m/nofp\libgcc.a(_dvmd_tls.o)
                              C:/Users/User/AppData/Roaming/xPacks/@xpack-dev-tools/arm-none-eabi-gcc/15.2.1-1.1.1/.content/bin/../lib/gcc/arm-none-eabi/15.2.1/thumb/v7e-m/nofp\libgcc.a(_aeabi_uldivmod.o) (__aeabi_ldiv0)
C:/Users/User/AppData/Roaming/xPacks/@xpack-dev-tools/arm-none-eabi-gcc/15.2.1-1.1.1/.content/bin/../lib/gcc/arm-none-eabi/15.2.1/../../../../arm-none-eabi/lib/thumb/v7e-m/nofp\libg_nano.a(libc_a-sprintf.o)
                              ./src/es_wifi.o (sprintf)
C:/Users/User/AppData/Roaming/xPacks/@xpack-dev-tools/arm-none-eabi-gcc/15.2.1-1.1.1/.content/bin/../lib/gcc/arm-none-eabi/15.2.1/../../../../arm-none-eabi/lib/thumb/v7e-m/nofp\libg_nano.a(libc_a-vsnprintf.o)
                              ./system/src/diag/trace.o (vsnprintf)
C:/Users/User/AppData/Roaming/xPacks/@xpack-dev-tools/arm-none-eabi-gcc/15.2.1-1.1.1/.content/bin/../lib/gcc/arm-none-eabi/15.2.1/../../../../arm-none-eabi/lib/thumb/v7e-m/nofp\libg_nano.a(libc_a-memset.o)
                              ./src/initialize-hardware.o (memset)
C:/Users/User/AppData/Roaming/xPacks/@xpack-dev-tools/arm-none-eabi-gcc/15.2.1-1.1.1/.content/bin/../lib/gcc/arm-none-eabi/15.2.1/../../../../arm-none-eabi/lib/thumb/v7e-m/nofp\libg_nano.a(libc_a-strncpy.o)
                              ./src/es_wifi.o (strncpy)
C:/Users/User/AppData/Roaming/xPacks/@xpack-dev-tools/arm-none-eabi-gcc/15.2.1-1.1.1/.content/bin/../lib/gcc/arm-none-eabi/15.2.1/../../../../arm-none-eabi/lib/thumb/v7e-m/nofp\libg_nano.a(libc_a-strtok.o)
                              ./src/es_wifi.o (strtok)
C:/Users/User/AppData/Roaming/xPacks/@xpack-dev-tools/arm-none-eabi-gcc/15.2.1-1.1.1/.content/bin/../lib/gcc/arm-none-eabi/15.2.1/../../../../arm-none-eabi/lib/thumb/v7e-m/nofp\libg_nano.a(libc_a-strtok_r.o)
                              C:/Users/User/AppData/Roaming/xPacks/@xpack-dev-tools/arm-none-eabi-gcc/15.2.1-1.1.1/.content/bin/../lib/gcc/arm-none-eabi/15.2.1/../../../../arm-none-eabi/lib/thumb/v7e-m/nofp\libg_nano.a(libc_a-strtok.o) (__strtok_r)
C:/Users/User/AppData/Roaming/xPacks/@xpack-dev-tools/arm-none-eabi-gcc/15.2.1-1.1.1/.content/bin/../lib/gcc/arm-none-eabi/15.2.1/../../../../arm-none-eabi/lib/thumb/v7e-m/nofp\libg_nano.a(libc_a-strstr.o)
                              ./src/es_wifi.o (strstr)
C:/Users/User/AppData/Roaming/xPacks/@xpack-dev-tools/arm-none-eabi-gcc/15.2.1-1.1.1/.content/bin/../lib/gcc/arm-none-eabi/15.2.1/../../../../arm-none-eabi/lib/thumb/v7e-m/nofp\libg_nano.a(libc_a-impure.o)
                              C:/Users/User/AppData/Roaming/xPacks/@xpack-dev-tools/arm-none-eabi-gcc/15.2.1-1.1.1/.content/bin/../lib/gcc/arm-none-eabi/15.2.1/../../../../arm-none-eabi/lib/thumb/v7e-m/nofp\libg_nano.a(libc_a-sprintf.o) (_impure_ptr)
C:/Users/User/AppData/Roaming/xPacks/@xpack-dev-tools/arm-none-eabi-gcc/15.2.1-1.1.1/.content/bin/../lib/gcc/arm-none-eabi/15.2.1/../../../../arm-none-eabi/lib/thumb/v7e-m/nofp\libg_nano.a(libc_a-errno.o)
                              ./system/src/newlib/sbrk.o (__errno)
C:/Users/User/AppData/Roaming/xPacks/@xpack-dev-tools/arm-none-eabi-gcc/15.2.1-1.1.1/.content/bin/../lib/gcc/arm-none-eabi/15.2.1/../../../../arm-none-eabi/lib/thumb/v7e-m/nofp\libg_nano.a(libc_a-memcpy-stub.o)
                              ./src/es_wifi.o (memcpy)
C:/Users/User/AppData/Roaming/xPacks/@xpack-dev-tools/arm-none-eabi-gcc/15.2.1-1.1.1/.content/bin/../lib/gcc/arm-none-eabi/15.2.1/../../../../arm-none-eabi/lib/thumb/v7e-m/nofp\libg_nano.a(libc_a-strlen.o)
                              ./system/src/diag/trace.o (strlen)
C:/Users/User/AppData/Roaming/xPacks/@xpack-dev-tools/arm-none-eabi-gcc/15.2.1-1.1.1/.content/bin/../lib/gcc/arm-none-eabi/15.2.1/../../../../arm-none-eabi/lib/thumb/v7e-m/nofp\libg_nano.a(libc_a-malloc.o)
                              C:/Users/User/AppData/Roaming/xPacks/@xpack-dev-tools/arm-none-eabi-gcc/15.2.1-1.1.1/.content/bin/../lib/gcc/arm-none-eabi/15.2.1/../../../../arm-none-eabi/lib/thumb/v7e-m/nofp\libg_nano.a(libc_a-strtok.o) (malloc)
[...]
Memory Configuration

Name             Origin             Length             Attributes
RAM              0x20000000         0x00020000         xrw
CCMRAM           0x10000000         0x00010000         xrw
FLASH            0x08000000         0x00100000         xr
FLASHB1          0x00000000         0x00000000         xr
EXTMEMB0         0x00000000         0x00000000         xr
EXTMEMB1         0x00000000         0x00000000         xr
EXTMEMB2         0x00000000         0x00000000         xr
EXTMEMB3         0x00000000         0x00000000         xr
MEMORY_ARRAY     0x20002000         0x00000020         xrw
*default*        0x00000000         0xffffffff

Linker script and memory map

LOAD ./system/src/stm32f4-hal/stm32f4xx_hal.o
LOAD ./system/src/stm32f4-hal/stm32f4xx_hal_cortex.o
LOAD ./system/src/stm32f4-hal/stm32f4xx_hal_dma.o
LOAD ./system/src/stm32f4-hal/stm32f4xx_hal_flash.o
LOAD ./system/src/stm32f4-hal/stm32f4xx_hal_flash_ex.o
LOAD ./system/src/stm32f4-hal/stm32f4xx_hal_flash_ramfunc.o
LOAD ./system/src/stm32f4-hal/stm32f4xx_hal_gpio.o
LOAD ./system/src/stm32f4-hal/stm32f4xx_hal_i2c.o
LOAD ./system/src/stm32f4-hal/stm32f4xx_hal_iwdg.o
LOAD ./system/src/stm32f4-hal/stm32f4xx_hal_pwr.o
LOAD ./system/src/stm32f4-hal/stm32f4xx_hal_rcc.o
LOAD ./system/src/stm32f4-hal/stm32f4xx_hal_spi.o
LOAD ./system/src/stm32f4-hal/stm32f4xx_hal_uart.o
LOAD ./system/src/stm32f4-hal/stm32f4xx_ll_spi.o
LOAD ./system/src/newlib/assert.o
LOAD ./system/src/newlib/cxx.o
LOAD ./system/src/newlib/exit.o
LOAD ./system/src/newlib/sbrk.o
LOAD ./system/src/newlib/startup.o
LOAD ./system/src/newlib/syscalls.o
LOAD ./system/src/diag/trace-impl.o
LOAD ./system/src/diag/trace.o
LOAD ./system/src/cortexm/exception-handlers.o
LOAD ./system/src/cortexm/initialize-hardware.o
LOAD ./system/src/cortexm/reset-hardware.o
LOAD ./system/src/cmsis/system_stm32f4xx.o
LOAD ./system/src/cmsis/vectors_stm32f407xx.o
LOAD ./src/es_wifi.o
LOAD ./src/es_wifi_io.o
LOAD ./src/initialize-hardware.o
LOAD ./src/led.o
LOAD ./src/main.o
LOAD ./src/stm32f413h_discovery.o
LOAD ./src/stm32f4xx_hal_msp.o
LOAD ./src/timer.o
LOAD ./src/wifi.o
LOAD ./src/write.o
LOAD C:/Users/User/AppData/Roaming/xPacks/@xpack-dev-tools/arm-none-eabi-gcc/15.2.1-1.1.1/.content/bin/../lib/gcc/arm-none-eabi/15.2.1/../../../../arm-none-eabi/lib/thumb/v7e-m/nofp\libstdc++_nano.a
LOAD C:/Users/User/AppData/Roaming/xPacks/@xpack-dev-tools/arm-none-eabi-gcc/15.2.1-1.1.1/.content/bin/../lib/gcc/arm-none-eabi/15.2.1/../../../../arm-none-eabi/lib/thumb/v7e-m/nofp\libm.a
START GROUP
LOAD C:/Users/User/AppData/Roaming/xPacks/@xpack-dev-tools/arm-none-eabi-gcc/15.2.1-1.1.1/.content/bin/../lib/gcc/arm-none-eabi/15.2.1/thumb/v7e-m/nofp\libgcc.a
LOAD C:/Users/User/AppData/Roaming/xPacks/@xpack-dev-tools/arm-none-eabi-gcc/15.2.1-1.1.1/.content/bin/../lib/gcc/arm-none-eabi/15.2.1/../../../../arm-none-eabi/lib/thumb/v7e-m/nofp\libg_nano.a
LOAD C:/Users/User/AppData/Roaming/xPacks/@xpack-dev-tools/arm-none-eabi-gcc/15.2.1-1.1.1/.content/bin/../lib/gcc/arm-none-eabi/15.2.1/../../../../arm-none-eabi/lib/thumb/v7e-m/nofp\libc_nano.a
END GROUP
START GROUP
LOAD C:/Users/User/AppData/Roaming/xPacks/@xpack-dev-tools/arm-none-eabi-gcc/15.2.1-1.1.1/.content/bin/../lib/gcc/arm-none-eabi/15.2.1/thumb/v7e-m/nofp\libgcc.a
LOAD C:/Users/User/AppData/Roaming/xPacks/@xpack-dev-tools/arm-none-eabi-gcc/15.2.1-1.1.1/.content/bin/../lib/gcc/arm-none-eabi/15.2.1/../../../../arm-none-eabi/lib/thumb/v7e-m/nofp\libc_nano.a
END GROUP
                0x20020000                        __stack = (ORIGIN (RAM) + LENGTH (RAM))
                0x20020000                        _estack = __stack
                0x00000400                        __Main_Stack_Size = 0x400
                [!provide]                        PROVIDE (_Main_Stack_Size = __Main_Stack_Size)
                0x2001fc00                        __Main_Stack_Limit = (__stack - __Main_Stack_Size)
                [!provide]                        PROVIDE (_Main_Stack_Limit = __Main_Stack_Limit)
                0x00000100                        _Minimum_Stack_Size = 0x100
                0x20000adc                        PROVIDE (_Heap_Begin = _end_noinit)
                0x2001fc00                        PROVIDE (_Heap_Limit = (__stack - __Main_Stack_Size))

.isr_vector     0x08000000      0x404
 FILL mask 0xff
                0x08000000                        __vectors_start = ABSOLUTE (.)
                0x08000000                        __vectors_start__ = ABSOLUTE (.)
 *(.isr_vector)
 .isr_vector    0x08000000      0x188 ./system/src/cmsis/vectors_stm32f407xx.o
                0x08000000                g_pfnVectors
 *(.cfmconfig)
 *(.after_vectors .after_vectors.*)
 .after_vectors
                0x08000188      0x14c ./system/src/newlib/startup.o
                0x08000188                _start
 .after_vectors
                0x080002d4      0x12c ./system/src/cortexm/exception-handlers.o
                0x080002d4                Reset_Handler
                0x080002da                NMI_Handler
                0x080002de                HardFault_Handler
                0x080002f2                HardFault_Handler_C
                0x08000350                MemManage_Handler
                0x08000354                BusFault_Handler
                0x08000368                BusFault_Handler_C
                0x0800039c                UsageFault_Handler
                0x080003b0                UsageFault_Handler_C
                0x080003e4                SVC_Handler
                0x080003e8                DebugMon_Handler
                0x080003ec                PendSV_Handler
 .after_vectors
                0x08000400        0x4 ./system/src/cmsis/vectors_stm32f407xx.o
                0x08000400                RTC_Alarm_IRQHandler
                0x08000400                HASH_RNG_IRQHandler
                0x08000400                EXTI2_IRQHandler
                0x08000400                TIM8_CC_IRQHandler
                0x08000400                TIM1_CC_IRQHandler
                0x08000400                DMA2_Stream5_IRQHandler
                0x08000400                DMA1_Stream5_IRQHandler
                0x08000400                PVD_IRQHandler
                0x08000400                SDIO_IRQHandler
                0x08000400                TAMP_STAMP_IRQHandler
                0x08000400                CAN2_RX1_IRQHandler
                0x08000400                EXTI3_IRQHandler
                0x08000400                TIM8_TRG_COM_TIM14_IRQHandler
                0x08000400                TIM1_UP_TIM10_IRQHandler
                0x08000400                TIM8_UP_TIM13_IRQHandler
                0x08000400                I2C3_ER_IRQHandler
                0x08000400                I2C2_EV_IRQHandler
                0x08000400                DMA1_Stream2_IRQHandler
                0x08000400                CAN1_RX0_IRQHandler
                0x08000400                FPU_IRQHandler
                0x08000400                OTG_HS_WKUP_IRQHandler
                0x08000400                CAN2_SCE_IRQHandler
                0x08000400                DMA2_Stream2_IRQHandler
                0x08000400                SPI1_IRQHandler
                0x08000400                TIM6_DAC_IRQHandler
                0x08000400                TIM1_BRK_TIM9_IRQHandler
                0x08000400                DCMI_IRQHandler
                0x08000400                CAN2_RX0_IRQHandler
                0x08000400                DMA2_Stream3_IRQHandler
                0x08000400                USART6_IRQHandler
                0x08000400                USART3_IRQHandler
                0x08000400                CAN1_RX1_IRQHandler
                0x08000400                UART5_IRQHandler
                0x08000400                DMA2_Stream0_IRQHandler
                0x08000400                TIM4_IRQHandler
                0x08000400                I2C1_EV_IRQHandler
                0x08000400                DMA1_Stream6_IRQHandler
                0x08000400                DMA1_Stream1_IRQHandler
                0x08000400                UART4_IRQHandler
                0x08000400                TIM3_IRQHandler
                0x08000400                RCC_IRQHandler
                0x08000400                TIM8_BRK_TIM12_IRQHandler
                0x08000400                Default_Handler
                0x08000400                ADC_IRQHandler
                0x08000400                DMA1_Stream7_IRQHandler
                0x08000400                TIM7_IRQHandler
                0x08000400                CAN2_TX_IRQHandler
                0x08000400                TIM5_IRQHandler
                0x08000400                DMA2_Stream7_IRQHandler
                0x08000400                I2C3_EV_IRQHandler
                0x08000400                EXTI9_5_IRQHandler
                0x08000400                RTC_WKUP_IRQHandler
                0x08000400                ETH_WKUP_IRQHandler
                0x08000400                SPI2_IRQHandler
                0x08000400                OTG_HS_EP1_IN_IRQHandler
                0x08000400                DMA1_Stream0_IRQHandler
                0x08000400                CAN1_TX_IRQHandler
                0x08000400                EXTI4_IRQHandler
                0x08000400                ETH_IRQHandler
                0x08000400                OTG_HS_EP1_OUT_IRQHandler
                0x08000400                WWDG_IRQHandler
                0x08000400                TIM2_IRQHandler
                0x08000400                OTG_FS_WKUP_IRQHandler
                0x08000400                TIM1_TRG_COM_TIM11_IRQHandler
                0x08000400                OTG_HS_IRQHandler
                0x08000400                EXTI1_IRQHandler
                0x08000400                USART2_IRQHandler
                0x08000400                I2C2_ER_IRQHandler
                0x08000400                DMA2_Stream1_IRQHandler
                0x08000400                CAN1_SCE_IRQHandler
                0x08000400                FLASH_IRQHandler
                0x08000400                DMA2_Stream4_IRQHandler
                0x08000400                USART1_IRQHandler
                0x08000400                OTG_FS_IRQHandler
                0x08000400                SPI3_IRQHandler
                0x08000400                DMA1_Stream4_IRQHandler
                0x08000400                I2C1_ER_IRQHandler
                0x08000400                FMC_IRQHandler
                0x08000400                DMA2_Stream6_IRQHandler
                0x08000400                DMA1_Stream3_IRQHandler

.inits          0x08000404       0x28
                0x08000404                        __data_regions_array_start = .
                0x08000404        0x4 LONG 0x8005a1c LOADADDR (.data)
                0x08000408        0x4 LONG 0x20000000 ADDR (.data)
                0x0800040c        0x4 LONG 0x20000078 (ADDR (.data) + SIZEOF (.data))
                0x08000410        0x4 LONG 0x8005a1c LOADADDR (.data_CCMRAM)
                0x08000414        0x4 LONG 0x10000000 ADDR (.data_CCMRAM)
                0x08000418        0x4 LONG 0x10000000 (ADDR (.data_CCMRAM) + SIZEOF (.data_CCMRAM))
                0x0800041c                        __data_regions_array_end = .
                0x0800041c                        __bss_regions_array_start = .
                0x0800041c        0x4 LONG 0x20000078 ADDR (.bss)
                0x08000420        0x4 LONG 0x20000adc (ADDR (.bss) + SIZEOF (.bss))
                0x08000424        0x4 LONG 0x10000000 ADDR (.bss_CCMRAM)
                0x08000428        0x4 LONG 0x10000000 (ADDR (.bss_CCMRAM) + SIZEOF (.bss_CCMRAM))
                0x0800042c                        __bss_regions_array_end = .
 *(.init)
 *(.fini)
                0x0800042c                        . = ALIGN (0x4)
                0x0800042c                        PROVIDE (__preinit_array_start = .)
 *(.preinit_array_sysinit .preinit_array_sysinit.*)
 *(.preinit_array_platform .preinit_array_platform.*)
 *(.preinit_array .preinit_array.*)
                0x0800042c                        PROVIDE (__preinit_array_end = .)
                0x0800042c                        . = ALIGN (0x4)
                0x0800042c                        PROVIDE (__init_array_start = .)
 *(SORT_BY_NAME(.init_array.*))
 *(.init_array)
                0x0800042c                        PROVIDE (__init_array_end = .)
                0x0800042c                        . = ALIGN (0x4)
                0x0800042c                        PROVIDE (__fini_array_start = .)
 *(SORT_BY_NAME(.fini_array.*))
 *(.fini_array)
                0x0800042c                        PROVIDE (__fini_array_end = .)

.flashtext
 *(.flashtext .flashtext.*)

.text           0x08000430     0x55e3
 *(.text .text.*)
 .text.HAL_InitTick
                0x08000430       0x4c ./system/src/stm32f4-hal/stm32f4xx_hal.o
                0x08000430                HAL_InitTick
 .text.HAL_Init
                0x0800047c       0x34 ./system/src/stm32f4-hal/stm32f4xx_hal.o
                0x0800047c                HAL_Init
 .text.HAL_IncTick
                0x080004b0       0x18 ./system/src/stm32f4-hal/stm32f4xx_hal.o
                0x080004b0                HAL_IncTick
 .text.HAL_GetTick
                0x080004c8        0xc ./system/src/stm32f4-hal/stm32f4xx_hal.o
                0x080004c8                HAL_GetTick
 .text.HAL_Delay
                0x080004d4       0x28 ./system/src/stm32f4-hal/stm32f4xx_hal.o
                0x080004d4                HAL_Delay
 .text.__NVIC_SetPriority
                0x080004fc       0x28 ./system/src/stm32f4-hal/stm32f4xx_hal_cortex.o
 .text.NVIC_EncodePriority
                0x08000524       0x46 ./system/src/stm32f4-hal/stm32f4xx_hal_cortex.o
 *fill*         0x0800056a        0x2 
 .text.HAL_NVIC_SetPriorityGrouping
                0x0800056c       0x3c ./system/src/stm32f4-hal/stm32f4xx_hal_cortex.o
                0x0800056c                HAL_NVIC_SetPriorityGrouping
 .text.HAL_NVIC_SetPriority
                0x080005a8       0x48 ./system/src/stm32f4-hal/stm32f4xx_hal_cortex.o
                0x080005a8                HAL_NVIC_SetPriority
 .text.HAL_NVIC_EnableIRQ
                0x080005f0       0x2c ./system/src/stm32f4-hal/stm32f4xx_hal_cortex.o
                0x080005f0                HAL_NVIC_EnableIRQ
 .text.HAL_SYSTICK_Config
                0x0800061c       0x28 ./system/src/stm32f4-hal/stm32f4xx_hal_cortex.o
                0x0800061c                HAL_SYSTICK_Config
 .text.HAL_SYSTICK_CLKSourceConfig
                0x08000644       0x34 ./system/src/stm32f4-hal/stm32f4xx_hal_cortex.o
                0x08000644                HAL_SYSTICK_CLKSourceConfig
 .text.HAL_GPIO_Init
                0x08000678      0x2a4 ./system/src/stm32f4-hal/stm32f4xx_hal_gpio.o
                0x08000678                HAL_GPIO_Init
 .text.HAL_GPIO_ReadPin
                0x0800091c       0x28 ./system/src/stm32f4-hal/stm32f4xx_hal_gpio.o
                0x0800091c                HAL_GPIO_ReadPin
 .text.HAL_GPIO_WritePin
                0x08000944       0x38 ./system/src/stm32f4-hal/stm32f4xx_hal_gpio.o
                0x08000944                HAL_GPIO_WritePin
 .text.HAL_GPIO_EXTI_IRQHandler
                0x0800097c       0x1c ./system/src/stm32f4-hal/stm32f4xx_hal_gpio.o
                0x0800097c                HAL_GPIO_EXTI_IRQHandler
 .text.I2C_IsAcknowledgeFailed
                0x08000998       0x32 ./system/src/stm32f4-hal/stm32f4xx_hal_i2c.o
 .text.I2C_WaitOnFlagUntilTimeout
                0x080009ca       0x78 ./system/src/stm32f4-hal/stm32f4xx_hal_i2c.o
 .text.I2C_WaitOnMasterAddressFlagUntilTimeout
                0x08000a42       0xa4 ./system/src/stm32f4-hal/stm32f4xx_hal_i2c.o
 .text.I2C_WaitOnTXEFlagUntilTimeout
                0x08000ae6       0x54 ./system/src/stm32f4-hal/stm32f4xx_hal_i2c.o
 *fill*         0x08000b3a        0x2 
 .text.I2C_RequestMemoryWrite
                0x08000b3c       0xc8 ./system/src/stm32f4-hal/stm32f4xx_hal_i2c.o
 .text.I2C_RequestMemoryRead
                0x08000c04      0x144 ./system/src/stm32f4-hal/stm32f4xx_hal_i2c.o
 .text.I2C_WaitOnBTFFlagUntilTimeout
                0x08000d48       0x54 ./system/src/stm32f4-hal/stm32f4xx_hal_i2c.o
 .text.I2C_WaitOnRXNEFlagUntilTimeout
                0x08000d9c       0x6a ./system/src/stm32f4-hal/stm32f4xx_hal_i2c.o
 .text.HAL_I2C_MspInit
                0x08000e06        0x2 ./system/src/stm32f4-hal/stm32f4xx_hal_i2c.o
                0x08000e06                HAL_I2C_MspInit
 .text.HAL_I2C_Init
                0x08000e08      0x2bc ./system/src/stm32f4-hal/stm32f4xx_hal_i2c.o
                0x08000e08                HAL_I2C_Init
 .text.HAL_I2C_Mem_Write
                0x080010c4      0x17c ./system/src/stm32f4-hal/stm32f4xx_hal_i2c.o
                0x080010c4                HAL_I2C_Mem_Write
 .text.HAL_I2C_Mem_Read
                0x08001240      0x2fc ./system/src/stm32f4-hal/stm32f4xx_hal_i2c.o
                0x08001240                HAL_I2C_Mem_Read
 .text.HAL_RCC_OscConfig
                0x0800153c      0x4f4 ./system/src/stm32f4-hal/stm32f4xx_hal_rcc.o
                0x0800153c                HAL_RCC_OscConfig
 .text.HAL_RCC_GetSysClockFreq
                0x08001a30       0xdc ./system/src/stm32f4-hal/stm32f4xx_hal_rcc.o
                0x08001a30                HAL_RCC_GetSysClockFreq
 .text.HAL_RCC_ClockConfig
                0x08001b0c      0x21c ./system/src/stm32f4-hal/stm32f4xx_hal_rcc.o
                0x08001b0c                HAL_RCC_ClockConfig
 .text.HAL_RCC_GetHCLKFreq
                0x08001d28        0xc ./system/src/stm32f4-hal/stm32f4xx_hal_rcc.o
                0x08001d28                HAL_RCC_GetHCLKFreq
 .text.HAL_RCC_GetPCLK1Freq
                0x08001d34       0x20 ./system/src/stm32f4-hal/stm32f4xx_hal_rcc.o
                0x08001d34                HAL_RCC_GetPCLK1Freq
 .text.SPI_WaitFlagStateUntilTimeout
                0x08001d54       0x94 ./system/src/stm32f4-hal/stm32f4xx_hal_spi.o
 .text.SPI_EndRxTxTransaction
                0x08001de8       0x68 ./system/src/stm32f4-hal/stm32f4xx_hal_spi.o
 .text.SPI_EndRxTransaction
                0x08001e50       0x8c ./system/src/stm32f4-hal/stm32f4xx_hal_spi.o
 .text.HAL_SPI_MspInit
                0x08001edc        0x2 ./system/src/stm32f4-hal/stm32f4xx_hal_spi.o
                0x08001edc                HAL_SPI_MspInit
 *fill*         0x08001ede        0x2 
 .text.HAL_SPI_Init
                0x08001ee0      0x1ec ./system/src/stm32f4-hal/stm32f4xx_hal_spi.o
                0x08001ee0                HAL_SPI_Init
 .text.HAL_SPI_MspDeInit
                0x080020cc        0x2 ./system/src/stm32f4-hal/stm32f4xx_hal_spi.o
                0x080020cc                HAL_SPI_MspDeInit
 *fill*         0x080020ce        0x2 
 .text.HAL_SPI_DeInit
                0x080020d0       0x68 ./system/src/stm32f4-hal/stm32f4xx_hal_spi.o
                0x080020d0                HAL_SPI_DeInit
 .text.HAL_SPI_Transmit
                0x08002138      0x1fc ./system/src/stm32f4-hal/stm32f4xx_hal_spi.o
                0x08002138                HAL_SPI_Transmit
 .text.HAL_SPI_TransmitReceive
                0x08002334      0x330 ./system/src/stm32f4-hal/stm32f4xx_hal_spi.o
                0x08002334                HAL_SPI_TransmitReceive
 .text.HAL_SPI_Receive
                0x08002664      0x232 ./system/src/stm32f4-hal/stm32f4xx_hal_spi.o
                0x08002664                HAL_SPI_Receive
 *fill*         0x08002896        0x2 
 .text.__assert_func
                0x08002898       0x34 ./system/src/newlib/assert.o
                0x08002898                __assert_func
 .text._exit    0x080028cc        0x2 ./system/src/newlib/exit.o
                0x080028cc                _exit
 *fill*         0x080028ce        0x2 
 .text.abort    0x080028d0       0x14 ./system/src/newlib/exit.o
                0x080028d0                abort
 .text._sbrk    0x080028e4       0x44 ./system/src/newlib/sbrk.o
                0x080028e4                _sbrk
 .text.__initialize_args
                0x08002928       0x10 ./system/src/newlib/syscalls.o
                0x08002928                __initialize_args
 .text._trace_write_semihosting_debug
                0x08002938       0x62 ./system/src/diag/trace-impl.o
 .text.trace_write
                0x0800299a        0x8 ./system/src/diag/trace-impl.o
                0x0800299a                trace_write
 *fill*         0x080029a2        0x2 
 .text.trace_printf
                0x080029a4       0x34 ./system/src/diag/trace.o
                0x080029a4                trace_printf
 .text.trace_puts
                0x080029d8       0x20 ./system/src/diag/trace.o
                0x080029d8                trace_puts
 .text.dumpExceptionStack
                0x080029f8       0xf4 ./system/src/cortexm/exception-handlers.o
                0x080029f8                dumpExceptionStack
 .text.isSemihosting
                0x08002aec       0x20 ./system/src/cortexm/exception-handlers.o
                0x08002aec                isSemihosting
 .text.__initialize_hardware_early
                0x08002b0c       0x18 ./system/src/cortexm/initialize-hardware.o
                0x08002b0c                __initialize_hardware_early
 .text.SystemInit
                0x08002b24       0x10 ./system/src/cmsis/system_stm32f4xx.o
                0x08002b24                SystemInit
 .text.SystemCoreClockUpdate
                0x08002b34       0xa0 ./system/src/cmsis/system_stm32f4xx.o
                0x08002b34                SystemCoreClockUpdate
 .text.ParseNumber
                0x08002bd4       0x52 ./src/es_wifi.o
 .text.ParseIP  0x08002c26       0x3c ./src/es_wifi.o
 *fill*         0x08002c62        0x2 
 .text.AT_ExecuteCommand
                0x08002c64       0x68 ./src/es_wifi.o
 .text.AT_RequestSendData
                0x08002ccc       0x94 ./src/es_wifi.o
 .text.AT_ParseInfo
                0x08002d60       0xac ./src/es_wifi.o
 .text.AT_ParseConnSettings
                0x08002e0c       0xe4 ./src/es_wifi.o
 .text.ES_WIFI_Init
                0x08002ef0       0x40 ./src/es_wifi.o
                0x08002ef0                ES_WIFI_Init
 .text.ES_WIFI_RegisterBusIO
                0x08002f30       0x3a ./src/es_wifi.o
                0x08002f30                ES_WIFI_RegisterBusIO
 *fill*         0x08002f6a        0x2 
 .text.ES_WIFI_Connect
                0x08002f6c       0x88 ./src/es_wifi.o
                0x08002f6c                ES_WIFI_Connect
 .text.ES_WIFI_GetNetworkSettings
                0x08002ff4       0x34 ./src/es_wifi.o
                0x08002ff4                ES_WIFI_GetNetworkSettings
 .text.ES_WIFI_StartClientConnection
                0x08003028       0xc8 ./src/es_wifi.o
                0x08003028                ES_WIFI_StartClientConnection
 .text.ES_WIFI_StopClientConnection
                0x080030f0       0x3c ./src/es_wifi.o
                0x080030f0                ES_WIFI_StopClientConnection
 .text.ES_WIFI_SendData
                0x0800312c       0xa0 ./src/es_wifi.o
                0x0800312c                ES_WIFI_SendData
 .text.SPI_WIFI_MspInit
                0x080031cc      0x154 ./src/es_wifi_io.o
                0x080031cc                SPI_WIFI_MspInit
 .text.SPI_WIFI_Init
                0x08003320      0x2c0 ./src/es_wifi_io.o
                0x08003320                SPI_WIFI_Init
 .text.SPI_WIFI_DeInit
                0x080035e0       0x10 ./src/es_wifi_io.o
                0x080035e0                SPI_WIFI_DeInit
 .text.SPI_WIFI_ReceiveData
                0x080035f0       0xd0 ./src/es_wifi_io.o
                0x080035f0                SPI_WIFI_ReceiveData
 .text.SPI_WIFI_SendData
                0x080036c0       0x6c ./src/es_wifi_io.o
                0x080036c0                SPI_WIFI_SendData
 .text.SPI_WIFI_Delay
                0x0800372c        0x8 ./src/es_wifi_io.o
                0x0800372c                SPI_WIFI_Delay
 .text.SystemClock_Config
                0x08003734       0xa8 ./src/initialize-hardware.o
                0x08003734                SystemClock_Config
 .text.__initialize_hardware
                0x080037dc       0x10 ./src/initialize-hardware.o
                0x080037dc                __initialize_hardware
 .text.assert_failed
                0x080037ec       0x14 ./src/initialize-hardware.o
                0x080037ec                assert_failed
 .text._ZL10int_to_striPc
                0x08003800       0x70 ./src/main.o
 .text._ZL11BuildPacketPciiii
                0x08003870      0x104 ./src/main.o
 .text._ZL18SystemClock_Configv
                0x08003974       0xa4 ./src/main.o
 .text._ZL12MX_GPIO_Initv
                0x08003a18       0x90 ./src/main.o
 .text._ZL12MX_I2C2_Initv
                0x08003aa8       0x48 ./src/main.o
 .text._ZL10ConnectUDPv
                0x08003af0       0x34 ./src/main.o
 .text._Z11BMA180_Initv
                0x08003b24       0x98 ./src/main.o
                0x08003b24                BMA180_Init()
 .text.main     0x08003bbc      0x1fc ./src/main.o
                0x08003bbc                main
 .text.EXTI0_IRQHandler
                0x08003db8        0xa ./src/main.o
                0x08003db8                EXTI0_IRQHandler
 .text.EXTI15_10_IRQHandler
                0x08003dc2        0xc ./src/main.o
                0x08003dc2                EXTI15_10_IRQHandler
 *fill*         0x08003dce        0x2 
 .text.HAL_GPIO_EXTI_Callback
                0x08003dd0       0x38 ./src/main.o
                0x08003dd0                HAL_GPIO_EXTI_Callback
 .text.BSP_LED_Init
                0x08003e08       0x6c ./src/stm32f413h_discovery.o
                0x08003e08                BSP_LED_Init
 .text.BSP_LED_On
                0x08003e74       0x20 ./src/stm32f413h_discovery.o
                0x08003e74                BSP_LED_On
 .text.BSP_LED_Off
                0x08003e94       0x20 ./src/stm32f413h_discovery.o
                0x08003e94                BSP_LED_Off
 .text.HAL_MspInit
                0x08003eb4        0x2 ./src/stm32f4xx_hal_msp.o
                0x08003eb4                HAL_MspInit
 *fill*         0x08003eb6        0x2 
 .text._ZN5timer4tickEv
                0x08003eb8       0x14 ./src/timer.o
                0x08003eb8                timer::tick()
 .text.SysTick_Handler
                0x08003ecc       0x10 ./src/timer.o
                0x08003ecc                SysTick_Handler
 .text.WIFI_Init
                0x08003edc       0x48 ./src/wifi.o
                0x08003edc                WIFI_Init
 .text.WIFI_Connect
                0x08003f24       0x28 ./src/wifi.o
                0x08003f24                WIFI_Connect
 .text.WIFI_GetIP_Address
                0x08003f4c       0x24 ./src/wifi.o
                0x08003f4c                WIFI_GetIP_Address
 .text.WIFI_OpenClientConnection
                0x08003f70       0x50 ./src/wifi.o
                0x08003f70                WIFI_OpenClientConnection
 .text.WIFI_CloseClientConnection
                0x08003fc0       0x14 ./src/wifi.o
                0x08003fc0                WIFI_CloseClientConnection
 .text.WIFI_SendData
                0x08003fd4       0x28 ./src/wifi.o
                0x08003fd4                WIFI_SendData
 .text          0x08003ffc       0x30 C:/Users/User/AppData/Roaming/xPacks/@xpack-dev-tools/arm-none-eabi-gcc/15.2.1-1.1.1/.content/bin/../lib/gcc/arm-none-eabi/15.2.1/thumb/v7e-m/nofp\libgcc.a(_aeabi_uldivmod.o)
                0x08003ffc                __aeabi_uldivmod
 .text.__udivmoddi4
                0x0800402c      0x310 C:/Users/User/AppData/Roaming/xPacks/@xpack-dev-tools/arm-none-eabi-gcc/15.2.1-1.1.1/.content/bin/../lib/gcc/arm-none-eabi/15.2.1/thumb/v7e-m/nofp\libgcc.a(_udivmoddi4.o)
                0x0800402c                __udivmoddi4
 .text          0x0800433c        0x4 C:/Users/User/AppData/Roaming/xPacks/@xpack-dev-tools/arm-none-eabi-gcc/15.2.1-1.1.1/.content/bin/../lib/gcc/arm-none-eabi/15.2.1/thumb/v7e-m/nofp\libgcc.a(_dvmd_tls.o)
                0x0800433c                __aeabi_idiv0
                0x0800433c                __aeabi_ldiv0
 .text.sprintf  0x08004340       0x44 C:/Users/User/AppData/Roaming/xPacks/@xpack-dev-tools/arm-none-eabi-gcc/15.2.1-1.1.1/.content/bin/../lib/gcc/arm-none-eabi/15.2.1/../../../../arm-none-eabi/lib/thumb/v7e-m/nofp\libg_nano.a(libc_a-sprintf.o)
                0x08004340                siprintf
                0x08004340                sprintf
 .text._vsnprintf_r
                0x08004384       0x50 C:/Users/User/AppData/Roaming/xPacks/@xpack-dev-tools/arm-none-eabi-gcc/15.2.1-1.1.1/.content/bin/../lib/gcc/arm-none-eabi/15.2.1/../../../../arm-none-eabi/lib/thumb/v7e-m/nofp\libg_nano.a(libc_a-vsnprintf.o)
                0x08004384                _vsniprintf_r
                0x08004384                _vsnprintf_r
 .text.vsnprintf
                0x080043d4       0x1c C:/Users/User/AppData/Roaming/xPacks/@xpack-dev-tools/arm-none-eabi-gcc/15.2.1-1.1.1/.content/bin/../lib/gcc/arm-none-eabi/15.2.1/../../../../arm-none-eabi/lib/thumb/v7e-m/nofp\libg_nano.a(libc_a-vsnprintf.o)
                0x080043d4                vsniprintf
                0x080043d4                vsnprintf
 .text.memset   0x080043f0       0x10 C:/Users/User/AppData/Roaming/xPacks/@xpack-dev-tools/arm-none-eabi-gcc/15.2.1-1.1.1/.content/bin/../lib/gcc/arm-none-eabi/15.2.1/../../../../arm-none-eabi/lib/thumb/v7e-m/nofp\libg_nano.a(libc_a-memset.o)
                0x080043f0                memset
 .text.strncpy  0x08004400       0x26 C:/Users/User/AppData/Roaming/xPacks/@xpack-dev-tools/arm-none-eabi-gcc/15.2.1-1.1.1/.content/bin/../lib/gcc/arm-none-eabi/15.2.1/../../../../arm-none-eabi/lib/thumb/v7e-m/nofp\libg_nano.a(libc_a-strncpy.o)
                0x08004400                strncpy
 *fill*         0x08004426        0x2 
 .text.strtok   0x08004428       0x7c C:/Users/User/AppData/Roaming/xPacks/@xpack-dev-tools/arm-none-eabi-gcc/15.2.1-1.1.1/.content/bin/../lib/gcc/arm-none-eabi/15.2.1/../../../../arm-none-eabi/lib/thumb/v7e-m/nofp\libg_nano.a(libc_a-strtok.o)
                0x08004428                strtok
 .text.__strtok_r
                0x080044a4       0x50 C:/Users/User/AppData/Roaming/xPacks/@xpack-dev-tools/arm-none-eabi-gcc/15.2.1-1.1.1/.content/bin/../lib/gcc/arm-none-eabi/15.2.1/../../../../arm-none-eabi/lib/thumb/v7e-m/nofp\libg_nano.a(libc_a-strtok_r.o)
                0x080044a4                __strtok_r
 .text.strstr   0x080044f4       0x2c C:/Users/User/AppData/Roaming/xPacks/@xpack-dev-tools/arm-none-eabi-gcc/15.2.1-1.1.1/.content/bin/../lib/gcc/arm-none-eabi/15.2.1/../../../../arm-none-eabi/lib/thumb/v7e-m/nofp\libg_nano.a(libc_a-strstr.o)
                0x080044f4                strstr
 .text.__errno  0x08004520        0xc C:/Users/User/AppData/Roaming/xPacks/@xpack-dev-tools/arm-none-eabi-gcc/15.2.1-1.1.1/.content/bin/../lib/gcc/arm-none-eabi/15.2.1/../../../../arm-none-eabi/lib/thumb/v7e-m/nofp\libg_nano.a(libc_a-errno.o)
                0x08004520                __errno
 .text.memcpy   0x0800452c       0x1c C:/Users/User/AppData/Roaming/xPacks/@xpack-dev-tools/arm-none-eabi-gcc/15.2.1-1.1.1/.content/bin/../lib/gcc/arm-none-eabi/15.2.1/../../../../arm-none-eabi/lib/thumb/v7e-m/nofp\libg_nano.a(libc_a-memcpy-stub.o)
                0x0800452c                memcpy
 .text          0x08004548       0x10 C:/Users/User/AppData/Roaming/xPacks/@xpack-dev-tools/arm-none-eabi-gcc/15.2.1-1.1.1/.content/bin/../lib/gcc/arm-none-eabi/15.2.1/../../../../arm-none-eabi/lib/thumb/v7e-m/nofp\libg_nano.a(libc_a-strlen.o)
                0x08004548                strlen
 .text.malloc   0x08004558       0x10 C:/Users/User/AppData/Roaming/xPacks/@xpack-dev-tools/arm-none-eabi-gcc/15.2.1-1.1.1/.content/bin/../lib/gcc/arm-none-eabi/15.2.1/../../../../arm-none-eabi/lib/thumb/v7e-m/nofp\libg_nano.a(libc_a-malloc.o)
                0x08004558                malloc
 .text.sbrk_aligned
                0x08004568       0x44 C:/Users/User/AppData/Roaming/xPacks/@xpack-dev-tools/arm-none-eabi-gcc/15.2.1-1.1.1/.content/bin/../lib/gcc/arm-none-eabi/15.2.1/../../../../arm-none-eabi/lib/thumb/v7e-m/nofp\libg_nano.a(libc_a-mallocr.o)
 .text._malloc_r
                0x080045ac       0xf8 C:/Users/User/AppData/Roaming/xPacks/@xpack-dev-tools/arm-none-eabi-gcc/15.2.1-1.1.1/.content/bin/../lib/gcc/arm-none-eabi/15.2.1/../../../../arm-none-eabi/lib/thumb/v7e-m/nofp\libg_nano.a(libc_a-mallocr.o)
                0x080045ac                _malloc_r
 .text.__malloc_lock
                0x080046a4        0xc C:/Users/User/AppData/Roaming/xPacks/@xpack-dev-tools/arm-none-eabi-gcc/15.2.1-1.1.1/.content/bin/../lib/gcc/arm-none-eabi/15.2.1/../../../../arm-none-eabi/lib/thumb/v7e-m/nofp\libg_nano.a(libc_a-mlock.o)
                0x080046a4                __malloc_lock
 .text.__malloc_unlock
                0x080046b0        0xc C:/Users/User/AppData/Roaming/xPacks/@xpack-dev-tools/arm-none-eabi-gcc/15.2.1-1.1.1/.content/bin/../lib/gcc/arm-none-eabi/15.2.1/../../../../arm-none-eabi/lib/thumb/v7e-m/nofp\libg_nano.a(libc_a-mlock.o)
                0x080046b0                __malloc_unlock
 .text.__ssputs_r
                0x080046bc       0xc0 C:/Users/User/AppData/Roaming/xPacks/@xpack-dev-tools/arm-none-eabi-gcc/15.2.1-1.1.1/.content/bin/../lib/gcc/arm-none-eabi/15.2.1/../../../../arm-none-eabi/lib/thumb/v7e-m/nofp\libg_nano.a(libc_a-nano-svfprintf.o)
                0x080046bc                __ssputs_r
 .text._svfprintf_r
                0x0800477c      0x1f0 C:/Users/User/AppData/Roaming/xPacks/@xpack-dev-tools/arm-none-eabi-gcc/15.2.1-1.1.1/.content/bin/../lib/gcc/arm-none-eabi/15.2.1/../../../../arm-none-eabi/lib/thumb/v7e-m/nofp\libg_nano.a(libc_a-nano-svfprintf.o)
                0x0800477c                _svfiprintf_r
                0x0800477c                _svfprintf_r
 .text._printf_common
                0x0800496c       0xea C:/Users/User/AppData/Roaming/xPacks/@xpack-dev-tools/arm-none-eabi-gcc/15.2.1-1.1.1/.content/bin/../lib/gcc/arm-none-eabi/15.2.1/../../../../arm-none-eabi/lib/thumb/v7e-m/nofp\libg_nano.a(libc_a-nano-vfprintf_i.o)
                0x0800496c                _printf_common
 *fill*         0x08004a56        0x2 
 .text._printf_i
                0x08004a58      0x254 C:/Users/User/AppData/Roaming/xPacks/@xpack-dev-tools/arm-none-eabi-gcc/15.2.1-1.1.1/.content/bin/../lib/gcc/arm-none-eabi/15.2.1/../../../../arm-none-eabi/lib/thumb/v7e-m/nofp\libg_nano.a(libc_a-nano-vfprintf_i.o)
                0x08004a58                _printf_i
 .text.memmove  0x08004cac       0x32 C:/Users/User/AppData/Roaming/xPacks/@xpack-dev-tools/arm-none-eabi-gcc/15.2.1-1.1.1/.content/bin/../lib/gcc/arm-none-eabi/15.2.1/../../../../arm-none-eabi/lib/thumb/v7e-m/nofp\libg_nano.a(libc_a-memmove.o)
                0x08004cac                memmove
 *fill*         0x08004cde        0x2 
 .text._sbrk_r  0x08004ce0       0x20 C:/Users/User/AppData/Roaming/xPacks/@xpack-dev-tools/arm-none-eabi-gcc/15.2.1-1.1.1/.content/bin/../lib/gcc/arm-none-eabi/15.2.1/../../../../arm-none-eabi/lib/thumb/v7e-m/nofp\libg_nano.a(libc_a-sbrkr.o)
                0x08004ce0                _sbrk_r
 .text.__retarget_lock_acquire_recursive
                0x08004d00        0x2 C:/Users/User/AppData/Roaming/xPacks/@xpack-dev-tools/arm-none-eabi-gcc/15.2.1-1.1.1/.content/bin/../lib/gcc/arm-none-eabi/15.2.1/../../../../arm-none-eabi/lib/thumb/v7e-m/nofp\libg_nano.a(libc_a-lock.o)
                0x08004d00                __retarget_lock_acquire_recursive
 .text.__retarget_lock_release_recursive
                0x08004d02        0x2 C:/Users/User/AppData/Roaming/xPacks/@xpack-dev-tools/arm-none-eabi-gcc/15.2.1-1.1.1/.content/bin/../lib/gcc/arm-none-eabi/15.2.1/../../../../arm-none-eabi/lib/thumb/v7e-m/nofp\libg_nano.a(libc_a-lock.o)
                0x08004d02                __retarget_lock_release_recursive
 *fill*         0x08004d04        0xc 
 .text          0x08004d10       0xa0 C:/Users/User/AppData/Roaming/xPacks/@xpack-dev-tools/arm-none-eabi-gcc/15.2.1-1.1.1/.content/bin/../lib/gcc/arm-none-eabi/15.2.1/../../../../arm-none-eabi/lib/thumb/v7e-m/nofp\libg_nano.a(libc_a-memchr.o)
                0x08004d10                memchr
 .text._free_r  0x08004db0       0x98 C:/Users/User/AppData/Roaming/xPacks/@xpack-dev-tools/arm-none-eabi-gcc/15.2.1-1.1.1/.content/bin/../lib/gcc/arm-none-eabi/15.2.1/../../../../arm-none-eabi/lib/thumb/v7e-m/nofp\libg_nano.a(libc_a-freer.o)
                0x08004db0                _free_r
 .text._realloc_r
                0x08004e48       0x5c C:/Users/User/AppData/Roaming/xPacks/@xpack-dev-tools/arm-none-eabi-gcc/15.2.1-1.1.1/.content/bin/../lib/gcc/arm-none-eabi/15.2.1/../../../../arm-none-eabi/lib/thumb/v7e-m/nofp\libg_nano.a(libc_a-reallocr.o)
                0x08004e48                _realloc_r
 .text._malloc_usable_size_r
                0x08004ea4       0x10 C:/Users/User/AppData/Roaming/xPacks/@xpack-dev-tools/arm-none-eabi-gcc/15.2.1-1.1.1/.content/bin/../lib/gcc/arm-none-eabi/15.2.1/../../../../arm-none-eabi/lib/thumb/v7e-m/nofp\libg_nano.a(libc_a-msizer.o)
                0x08004ea4                _malloc_usable_size_r
 *(.rodata .rodata.* .constdata .constdata.*)
 .rodata.HAL_NVIC_SetPriorityGrouping.str1.4
                0x08004eb4      0xa43 ./system/src/stm32f4-hal/stm32f4xx_hal_cortex.o
                                 0x31 (size before relaxing)
 .rodata.HAL_GPIO_Init.str1.4
                0x080058f7        0x0 ./system/src/stm32f4-hal/stm32f4xx_hal_gpio.o
                                 0x2f (size before relaxing)
 .rodata.HAL_I2C_Init.str1.4
                0x080058f7        0x0 ./system/src/stm32f4-hal/stm32f4xx_hal_i2c.o
                                 0x2e (size before relaxing)
 .rodata.HAL_RCC_OscConfig.str1.4
                0x080058f7        0x0 ./system/src/stm32f4-hal/stm32f4xx_hal_rcc.o
                                 0x2e (size before relaxing)
 .rodata.HAL_SPI_Init.str1.4
                0x080058f7        0x0 ./system/src/stm32f4-hal/stm32f4xx_hal_spi.o
                                 0x2e (size before relaxing)
 .rodata.__assert_func.str1.4
                0x080058f7        0x0 ./system/src/newlib/assert.o
                                 0x43 (size before relaxing)
 .rodata.abort.str1.4
                0x080058f7        0x0 ./system/src/newlib/exit.o
                                 0x14 (size before relaxing)
 .rodata.trace_puts.str1.4
                0x080058f7        0x0 ./system/src/diag/trace.o
                                  0x2 (size before relaxing)
 .rodata.dumpExceptionStack.str1.4
                0x080058f7        0x0 ./system/src/cortexm/exception-handlers.o
                                0x11a (size before relaxing)
 .rodata.str1.4
                0x080058f7        0x0 ./system/src/cortexm/exception-handlers.o
                                 0x2a (size before relaxing)
 *fill*         0x080058f7        0x1 
 .rodata.APBPrescTable
                0x080058f8        0x8 ./system/src/cmsis/system_stm32f4xx.o
                0x080058f8                APBPrescTable
 .rodata.AHBPrescTable
                0x08005900       0x10 ./system/src/cmsis/system_stm32f4xx.o
                0x08005900                AHBPrescTable
 .rodata.AT_ExecuteCommand.str1.4
                0x08005910        0x0 ./src/es_wifi.o
                                 0x14 (size before relaxing)
 .rodata.AT_ParseInfo.str1.4
                0x08005910        0x0 ./src/es_wifi.o
                                  0x6 (size before relaxing)
 .rodata.ES_WIFI_Init.str1.4
                0x08005910        0x0 ./src/es_wifi.o
                                  0x5 (size before relaxing)
 .rodata.ES_WIFI_Connect.str1.4
                0x08005910        0x0 ./src/es_wifi.o
                                 0x1c (size before relaxing)
 .rodata.ES_WIFI_GetNetworkSettings.str1.4
                0x08005910        0x0 ./src/es_wifi.o
                                  0x4 (size before relaxing)
 .rodata.ES_WIFI_StartClientConnection.str1.4
                0x08005910        0x0 ./src/es_wifi.o
                                 0x36 (size before relaxing)
 .rodata.ES_WIFI_StopClientConnection.str1.4
                0x08005910        0x0 ./src/es_wifi.o
                                  0x6 (size before relaxing)
 .rodata.ES_WIFI_SendData.str1.4
                0x08005910        0x0 ./src/es_wifi.o
                                 0x19 (size before relaxing)
 .rodata.SPI_WIFI_Init.str1.4
                0x08005910        0x0 ./src/es_wifi_io.o
                                0x46d (size before relaxing)
 .rodata.assert_failed.str1.4
                0x08005910        0x0 ./src/initialize-hardware.o
                                 0x2d (size before relaxing)
 .rodata._ZL11BuildPacketPciiii.str1.4
                0x08005910        0x0 ./src/main.o
                                  0xc (size before relaxing)
 .rodata._ZL10ConnectUDPv.str1.4
                0x08005910        0x0 ./src/main.o
                                  0x7 (size before relaxing)
 .rodata._Z11BMA180_Initv.str1.4
                0x08005910        0x0 ./src/main.o
                                 0x86 (size before relaxing)
 .rodata.main.str1.4
                0x08005910        0x0 ./src/main.o
                                0x1db (size before relaxing)
 .rodata.GPIO_PIN
                0x08005910        0x8 ./src/stm32f413h_discovery.o
                0x08005910                GPIO_PIN
 .rodata.strtok.str1.1
                0x08005918       0xfb C:/Users/User/AppData/Roaming/xPacks/@xpack-dev-tools/arm-none-eabi-gcc/15.2.1-1.1.1/.content/bin/../lib/gcc/arm-none-eabi/15.2.1/../../../../arm-none-eabi/lib/thumb/v7e-m/nofp\libg_nano.a(libc_a-strtok.o)
                                 0xc8 (size before relaxing)
 .rodata._svfprintf_r.str1.1
                0x08005a13        0x0 C:/Users/User/AppData/Roaming/xPacks/@xpack-dev-tools/arm-none-eabi-gcc/15.2.1-1.1.1/.content/bin/../lib/gcc/arm-none-eabi/15.2.1/../../../../arm-none-eabi/lib/thumb/v7e-m/nofp\libg_nano.a(libc_a-nano-svfprintf.o)
                                 0x11 (size before relaxing)
 .rodata._printf_i.str1.1
                0x08005a13        0x0 C:/Users/User/AppData/Roaming/xPacks/@xpack-dev-tools/arm-none-eabi-gcc/15.2.1-1.1.1/.content/bin/../lib/gcc/arm-none-eabi/15.2.1/../../../../arm-none-eabi/lib/thumb/v7e-m/nofp\libg_nano.a(libc_a-nano-vfprintf_i.o)
                                 0x22 (size before relaxing)
 *(vtable)
 *(.eh_frame*)
 *(.glue_7)
 .glue_7        0x08005a13        0x0 linker stubs
 *(.glue_7t)
 .glue_7t       0x08005a13        0x0 linker stubs

.vfp11_veneer   0x08005a14        0x0
 .vfp11_veneer  0x08005a14        0x0 linker stubs

.v4_bx          0x08005a14        0x0
 .v4_bx         0x08005a14        0x0 linker stubs

.iplt           0x08005a14        0x0
 .iplt          0x08005a14        0x0 ./system/src/stm32f4-hal/stm32f4xx_hal.o

.ARM.extab
 *(.ARM.extab* .gnu.linkonce.armextab.*)
                0x08005a14                        . = ALIGN (0x4)
                0x08005a14                        __exidx_start = .

.ARM.exidx      0x08005a14        0x8
 *(.ARM.exidx* .gnu.linkonce.armexidx.*)
 .ARM.exidx.text.__udivmoddi4
                0x08005a14        0x8 C:/Users/User/AppData/Roaming/xPacks/@xpack-dev-tools/arm-none-eabi-gcc/15.2.1-1.1.1/.content/bin/../lib/gcc/arm-none-eabi/15.2.1/thumb/v7e-m/nofp\libgcc.a(_udivmoddi4.o)
 .ARM.exidx     0x08005a1c        0x0 C:/Users/User/AppData/Roaming/xPacks/@xpack-dev-tools/arm-none-eabi-gcc/15.2.1-1.1.1/.content/bin/../lib/gcc/arm-none-eabi/15.2.1/../../../../arm-none-eabi/lib/thumb/v7e-m/nofp\libg_nano.a(libc_a-strlen.o)
                                  0x8 (size before relaxing)
 .ARM.exidx     0x08005a1c        0x0 C:/Users/User/AppData/Roaming/xPacks/@xpack-dev-tools/arm-none-eabi-gcc/15.2.1-1.1.1/.content/bin/../lib/gcc/arm-none-eabi/15.2.1/../../../../arm-none-eabi/lib/thumb/v7e-m/nofp\libg_nano.a(libc_a-memchr.o)
                                  0x8 (size before relaxing)
                0x08005a1c                        __exidx_end = .

.rel.dyn        0x08005a1c        0x0
 .rel.iplt      0x08005a1c        0x0 ./system/src/stm32f4-hal/stm32f4xx_hal.o
                0x08005a1c                        . = ALIGN (0x4)
                0x08005a1c                        _etext = .
                0x08005a1c                        __etext = .

.data_CCMRAM    0x10000000        0x0 load address 0x08005a1c
 FILL mask 0xff
 *(.data.CCMRAM .data.CCMRAM.*)
                0x10000000                        . = ALIGN (0x4)
                0x08005a1c                        _sidata = LOADADDR (.data)

.data           0x20000000       0x78 load address 0x08005a1c
 FILL mask 0xff
                0x20000000                        _sdata = .
                0x20000000                        __data_start__ = .
 *(.data_begin .data_begin.*)
 .data_begin    0x20000000        0x4 ./system/src/newlib/startup.o
 *(.data .data.*)
 .data.uwTickFreq
                0x20000004        0x1 ./system/src/stm32f4-hal/stm32f4xx_hal.o
                0x20000004                uwTickFreq
 *fill*         0x20000005        0x3 ff
 .data.uwTickPrio
                0x20000008        0x4 ./system/src/stm32f4-hal/stm32f4xx_hal.o
                0x20000008                uwTickPrio
 .data.argv.1   0x2000000c        0x8 ./system/src/newlib/syscalls.o
 .data.SystemCoreClock
                0x20000014        0x4 ./system/src/cmsis/system_stm32f4xx.o
                0x20000014                SystemCoreClock
 .data._ZL9server_ip
                0x20000018        0x4 ./src/main.o
 .data.GPIO_PORT
                0x2000001c        0x8 ./src/stm32f413h_discovery.o
                0x2000001c                GPIO_PORT
 .data._impure_ptr
                0x20000024        0x4 C:/Users/User/AppData/Roaming/xPacks/@xpack-dev-tools/arm-none-eabi-gcc/15.2.1-1.1.1/.content/bin/../lib/gcc/arm-none-eabi/15.2.1/../../../../arm-none-eabi/lib/thumb/v7e-m/nofp\libg_nano.a(libc_a-impure.o)
                0x20000024                _impure_ptr
 .data._impure_data
                0x20000028       0x4c C:/Users/User/AppData/Roaming/xPacks/@xpack-dev-tools/arm-none-eabi-gcc/15.2.1-1.1.1/.content/bin/../lib/gcc/arm-none-eabi/15.2.1/../../../../arm-none-eabi/lib/thumb/v7e-m/nofp\libg_nano.a(libc_a-impure.o)
                0x20000028                _impure_data
 *(.data_end .data_end.*)
 .data_end      0x20000074        0x4 ./system/src/newlib/startup.o
                0x20000078                        . = ALIGN (0x4)
                0x20000078                        _edata = .
                0x20000078                        __data_end__ = .

.igot.plt       0x20000078        0x0 load address 0x08005a94
 .igot.plt      0x20000078        0x0 ./system/src/stm32f4-hal/stm32f4xx_hal.o

.bss_CCMRAM     0x10000000        0x0
 *(.bss.CCMRAM .bss.CCMRAM.*)

.bss            0x20000078      0xa64
                0x20000078                        __bss_start__ = .
                0x20000078                        _sbss = .
 *(.bss_begin .bss_begin.*)
 .bss_begin     0x20000078        0x4 ./system/src/newlib/startup.o
 *(.bss .bss.*)
 .bss.uwTick    0x2000007c        0x4 ./system/src/stm32f4-hal/stm32f4xx_hal.o
                0x2000007c                uwTick
 .bss.current_heap_end.0
                0x20000080        0x4 ./system/src/newlib/sbrk.o
 .bss.name.0    0x20000084        0x1 ./system/src/newlib/syscalls.o
 *fill*         0x20000085        0x3 
 .bss.errno     0x20000088        0x4 ./system/src/newlib/syscalls.o
                0x20000088                errno
 .bss.buf.0     0x2000008c       0x80 ./system/src/diag/trace.o
 .bss.wifi_data_ready_flag
                0x2000010c        0x1 ./src/es_wifi_io.o
                0x2000010c                wifi_data_ready_flag
 *fill*         0x2000010d        0x3 
 .bss.hspi      0x20000110       0x58 ./src/es_wifi_io.o
                0x20000110                hspi
 .bss._ZL7ip_addr
                0x20000168        0x4 ./src/main.o
 .bss.z         0x2000016c        0x2 ./src/main.o
                0x2000016c                z
 .bss.y         0x2000016e        0x2 ./src/main.o
                0x2000016e                y
 .bss.x         0x20000170        0x2 ./src/main.o
                0x20000170                x
 *fill*         0x20000172        0x2 
 .bss.g_RawBuffer
                0x20000174        0x6 ./src/main.o
                0x20000174                g_RawBuffer
 .bss.g_DataReadyFlag
                0x2000017a        0x1 ./src/main.o
                0x2000017a                g_DataReadyFlag
 *fill*         0x2000017b        0x1 
 .bss.hi2c2     0x2000017c       0x54 ./src/main.o
                0x2000017c                hi2c2
 .bss._ZN5timer13ms_delayCountE
                0x200001d0        0x4 ./src/timer.o
                0x200001d0                timer::ms_delayCount
 .bss.EsWifiObj
                0x200001d4      0x8f8 ./src/wifi.o
                0x200001d4                EsWifiObj
 .bss.__malloc_sbrk_start
                0x20000acc        0x4 C:/Users/User/AppData/Roaming/xPacks/@xpack-dev-tools/arm-none-eabi-gcc/15.2.1-1.1.1/.content/bin/../lib/gcc/arm-none-eabi/15.2.1/../../../../arm-none-eabi/lib/thumb/v7e-m/nofp\libg_nano.a(libc_a-mallocr.o)
                0x20000acc                __malloc_sbrk_start
 .bss.__malloc_free_list
                0x20000ad0        0x4 C:/Users/User/AppData/Roaming/xPacks/@xpack-dev-tools/arm-none-eabi-gcc/15.2.1-1.1.1/.content/bin/../lib/gcc/arm-none-eabi/15.2.1/../../../../arm-none-eabi/lib/thumb/v7e-m/nofp\libg_nano.a(libc_a-mallocr.o)
                0x20000ad0                __malloc_free_list
 .bss.__lock___malloc_recursive_mutex
                0x20000ad4        0x1 C:/Users/User/AppData/Roaming/xPacks/@xpack-dev-tools/arm-none-eabi-gcc/15.2.1-1.1.1/.content/bin/../lib/gcc/arm-none-eabi/15.2.1/../../../../arm-none-eabi/lib/thumb/v7e-m/nofp\libg_nano.a(libc_a-lock.o)
                0x20000ad4                __lock___malloc_recursive_mutex
 *(COMMON)
 *(.bss_end .bss_end.*)
 *fill*         0x20000ad5        0x3 
 .bss_end       0x20000ad8        0x4 ./system/src/newlib/startup.o
                0x20000adc                        . = ALIGN (0x4)
                0x20000adc                        __bss_end__ = .
                0x20000adc                        _ebss = .

.noinit_CCMRAM
 *(.noinit.CCMRAM .noinit.CCMRAM.*)

.noinit         0x20000adc        0x0
                0x20000adc                        _noinit = .
 *(.noinit .noinit.*)
                0x20000adc                        . = ALIGN (0x4)
                0x20000adc                        _end_noinit = .
                [!provide]                        PROVIDE (end = _end_noinit)
                [!provide]                        PROVIDE (_end = _end_noinit)
                [!provide]                        PROVIDE (__end = _end_noinit)
                [!provide]                        PROVIDE (__end__ = _end_noinit)

._check_stack   0x20000adc      0x100
                0x20000bdc                        . = (. + _Minimum_Stack_Size)
 *fill*         0x20000adc      0x100 

.b1text
 *(.b1text)
 *(.b1rodata)
 *(.b1rodata.*)

.eb0text
 *(.eb0text)
 *(.eb0rodata)
 *(.eb0rodata.*)

.eb1text
 *(.eb1text)
 *(.eb1rodata)
 *(.eb1rodata.*)

.eb2text
 *(.eb2text)
 *(.eb2rodata)
 *(.eb2rodata.*)

.eb3text
 *(.eb3text)
 *(.eb3rodata)
 *(.eb3rodata.*)

.stab
 *(.stab)

.stabstr
 *(.stabstr)

.stab.excl
 *(.stab.excl)

.stab.exclstr
 *(.stab.exclstr)

.stab.index
 *(.stab.index)

.stab.indexstr
 *(.stab.indexstr)

.comment        0x00000000       0x39
 *(.comment)
 .comment       0x00000000       0x39 ./system/src/stm32f4-hal/stm32f4xx_hal.o
                                 0x3a (size before relaxing)
 .comment       0x00000039        0x0 ./system/src/stm32f4-hal/stm32f4xx_hal_cortex.o
                                 0x3a (size before relaxing)
 .comment       0x00000039        0x0 ./system/src/stm32f4-hal/stm32f4xx_hal_gpio.o
                                 0x3a (size before relaxing)
 .comment       0x00000039        0x0 ./system/src/stm32f4-hal/stm32f4xx_hal_i2c.o
                                 0x3a (size before relaxing)
 .comment       0x00000039        0x0 ./system/src/stm32f4-hal/stm32f4xx_hal_rcc.o
                                 0x3a (size before relaxing)
 .comment       0x00000039        0x0 ./system/src/stm32f4-hal/stm32f4xx_hal_spi.o
                                 0x3a (size before relaxing)
 .comment       0x00000039        0x0 ./system/src/newlib/assert.o
                                 0x3a (size before relaxing)
 .comment       0x00000039        0x0 ./system/src/newlib/exit.o
                                 0x3a (size before relaxing)
 .comment       0x00000039        0x0 ./system/src/newlib/sbrk.o
                                 0x3a (size before relaxing)
 .comment       0x00000039        0x0 ./system/src/newlib/startup.o
                                 0x3a (size before relaxing)
 .comment       0x00000039        0x0 ./system/src/newlib/syscalls.o
                                 0x3a (size before relaxing)
 .comment       0x00000039        0x0 ./system/src/diag/trace-impl.o
                                 0x3a (size before relaxing)
 .comment       0x00000039        0x0 ./system/src/diag/trace.o
                                 0x3a (size before relaxing)
 .comment       0x00000039        0x0 ./system/src/cortexm/exception-handlers.o
                                 0x3a (size before relaxing)
 .comment       0x00000039        0x0 ./system/src/cortexm/initialize-hardware.o
                                 0x3a (size before relaxing)
 .comment       0x00000039        0x0 ./system/src/cmsis/system_stm32f4xx.o
                                 0x3a (size before relaxing)
 .comment       0x00000039        0x0 ./system/src/cmsis/vectors_stm32f407xx.o
                                 0x3a (size before relaxing)
 .comment       0x00000039        0x0 ./src/es_wifi.o
                                 0x3a (size before relaxing)
 .comment       0x00000039        0x0 ./src/es_wifi_io.o
                                 0x3a (size before relaxing)
 .comment       0x00000039        0x0 ./src/initialize-hardware.o
                                 0x3a (size before relaxing)
 .comment       0x00000039        0x0 ./src/main.o
                                 0x3a (size before relaxing)
 .comment       0x00000039        0x0 ./src/stm32f413h_discovery.o
                                 0x3a (size before relaxing)
 .comment       0x00000039        0x0 ./src/stm32f4xx_hal_msp.o
                                 0x3a (size before relaxing)
 .comment       0x00000039        0x0 ./src/timer.o
                                 0x3a (size before relaxing)
 .comment       0x00000039        0x0 ./src/wifi.o
                                 0x3a (size before relaxing)
 .comment       0x00000039        0x0 C:/Users/User/AppData/Roaming/xPacks/@xpack-dev-tools/arm-none-eabi-gcc/15.2.1-1.1.1/.content/bin/../lib/gcc/arm-none-eabi/15.2.1/thumb/v7e-m/nofp\libgcc.a(_udivmoddi4.o)
                                 0x3a (size before relaxing)
 .comment       0x00000039        0x0 C:/Users/User/AppData/Roaming/xPacks/@xpack-dev-tools/arm-none-eabi-gcc/15.2.1-1.1.1/.content/bin/../lib/gcc/arm-none-eabi/15.2.1/../../../../arm-none-eabi/lib/thumb/v7e-m/nofp\libg_nano.a(libc_a-sprintf.o)
                                 0x3a (size before relaxing)
 .comment       0x00000039        0x0 C:/Users/User/AppData/Roaming/xPacks/@xpack-dev-tools/arm-none-eabi-gcc/15.2.1-1.1.1/.content/bin/../lib/gcc/arm-none-eabi/15.2.1/../../../../arm-none-eabi/lib/thumb/v7e-m/nofp\libg_nano.a(libc_a-vsnprintf.o)
                                 0x3a (size before relaxing)
 .comment       0x00000039        0x0 C:/Users/User/AppData/Roaming/xPacks/@xpack-dev-tools/arm-none-eabi-gcc/15.2.1-1.1.1/.content/bin/../lib/gcc/arm-none-eabi/15.2.1/../../../../arm-none-eabi/lib/thumb/v7e-m/nofp\libg_nano.a(libc_a-memset.o)
                                 0x3a (size before relaxing)
 .comment       0x00000039        0x0 C:/Users/User/AppData/Roaming/xPacks/@xpack-dev-tools/arm-none-eabi-gcc/15.2.1-1.1.1/.content/bin/../lib/gcc/arm-none-eabi/15.2.1/../../../../arm-none-eabi/lib/thumb/v7e-m/nofp\libg_nano.a(libc_a-strncpy.o)
                                 0x3a (size before relaxing)
 .comment       0x00000039        0x0 C:/Users/User/AppData/Roaming/xPacks/@xpack-dev-tools/arm-none-eabi-gcc/15.2.1-1.1.1/.content/bin/../lib/gcc/arm-none-eabi/15.2.1/../../../../arm-none-eabi/lib/thumb/v7e-m/nofp\libg_nano.a(libc_a-strtok.o)
                                 0x3a (size before relaxing)
 .comment       0x00000039        0x0 C:/Users/User/AppData/Roaming/xPacks/@xpack-dev-tools/arm-none-eabi-gcc/15.2.1-1.1.1/.content/bin/../lib/gcc/arm-none-eabi/15.2.1/../../../../arm-none-eabi/lib/thumb/v7e-m/nofp\libg_nano.a(libc_a-strtok_r.o)
                                 0x3a (size before relaxing)
 .comment       0x00000039        0x0 C:/Users/User/AppData/Roaming/xPacks/@xpack-dev-tools/arm-none-eabi-gcc/15.2.1-1.1.1/.content/bin/../lib/gcc/arm-none-eabi/15.2.1/../../../../arm-none-eabi/lib/thumb/v7e-m/nofp\libg_nano.a(libc_a-strstr.o)
                                 0x3a (size before relaxing)
 .comment       0x00000039        0x0 C:/Users/User/AppData/Roaming/xPacks/@xpack-dev-tools/arm-none-eabi-gcc/15.2.1-1.1.1/.content/bin/../lib/gcc/arm-none-eabi/15.2.1/../../../../arm-none-eabi/lib/thumb/v7e-m/nofp\libg_nano.a(libc_a-impure.o)
                                 0x3a (size before relaxing)
 .comment       0x00000039        0x0 C:/Users/User/AppData/Roaming/xPacks/@xpack-dev-tools/arm-none-eabi-gcc/15.2.1-1.1.1/.content/bin/../lib/gcc/arm-none-eabi/15.2.1/../../../../arm-none-eabi/lib/thumb/v7e-m/nofp\libg_nano.a(libc_a-errno.o)
                                 0x3a (size before relaxing)
 .comment       0x00000039        0x0 C:/Users/User/AppData/Roaming/xPacks/@xpack-dev-tools/arm-none-eabi-gcc/15.2.1-1.1.1/.content/bin/../lib/gcc/arm-none-eabi/15.2.1/../../../../arm-none-eabi/lib/thumb/v7e-m/nofp\libg_nano.a(libc_a-memcpy-stub.o)
                                 0x3a (size before relaxing)
 .comment       0x00000039        0x0 C:/Users/User/AppData/Roaming/xPacks/@xpack-dev-tools/arm-none-eabi-gcc/15.2.1-1.1.1/.content/bin/../lib/gcc/arm-none-eabi/15.2.1/../../../../arm-none-eabi/lib/thumb/v7e-m/nofp\libg_nano.a(libc_a-malloc.o)
                                 0x3a (size before relaxing)
 .comment       0x00000039        0x0 C:/Users/User/AppData/Roaming/xPacks/@xpack-dev-tools/arm-none-eabi-gcc/15.2.1-1.1.1/.content/bin/../lib/gcc/arm-none-eabi/15.2.1/../../../../arm-none-eabi/lib/thumb/v7e-m/nofp\libg_nano.a(libc_a-mallocr.o)
                                 0x3a (size before relaxing)
 .comment       0x00000039        0x0 C:/Users/User/AppData/Roaming/xPacks/@xpack-dev-tools/arm-none-eabi-gcc/15.2.1-1.1.1/.content/bin/../lib/gcc/arm-none-eabi/15.2.1/../../../../arm-none-eabi/lib/thumb/v7e-m/nofp\libg_nano.a(libc_a-mlock.o)
                                 0x3a (size before relaxing)
 .comment       0x00000039        0x0 C:/Users/User/AppData/Roaming/xPacks/@xpack-dev-tools/arm-none-eabi-gcc/15.2.1-1.1.1/.content/bin/../lib/gcc/arm-none-eabi/15.2.1/../../../../arm-none-eabi/lib/thumb/v7e-m/nofp\libg_nano.a(libc_a-nano-svfprintf.o)
                                 0x3a (size before relaxing)
 .comment       0x00000039        0x0 C:/Users/User/AppData/Roaming/xPacks/@xpack-dev-tools/arm-none-eabi-gcc/15.2.1-1.1.1/.content/bin/../lib/gcc/arm-none-eabi/15.2.1/../../../../arm-none-eabi/lib/thumb/v7e-m/nofp\libg_nano.a(libc_a-nano-vfprintf_i.o)
                                 0x3a (size before relaxing)
 .comment       0x00000039        0x0 C:/Users/User/AppData/Roaming/xPacks/@xpack-dev-tools/arm-none-eabi-gcc/15.2.1-1.1.1/.content/bin/../lib/gcc/arm-none-eabi/15.2.1/../../../../arm-none-eabi/lib/thumb/v7e-m/nofp\libg_nano.a(libc_a-memmove.o)
                                 0x3a (size before relaxing)
 .comment       0x00000039        0x0 C:/Users/User/AppData/Roaming/xPacks/@xpack-dev-tools/arm-none-eabi-gcc/15.2.1-1.1.1/.content/bin/../lib/gcc/arm-none-eabi/15.2.1/../../../../arm-none-eabi/lib/thumb/v7e-m/nofp\libg_nano.a(libc_a-sbrkr.o)
                                 0x3a (size before relaxing)
 .comment       0x00000039        0x0 C:/Users/User/AppData/Roaming/xPacks/@xpack-dev-tools/arm-none-eabi-gcc/15.2.1-1.1.1/.content/bin/../lib/gcc/arm-none-eabi/15.2.1/../../../../arm-none-eabi/lib/thumb/v7e-m/nofp\libg_nano.a(libc_a-lock.o)
                                 0x3a (size before relaxing)
 .comment       0x00000039        0x0 C:/Users/User/AppData/Roaming/xPacks/@xpack-dev-tools/arm-none-eabi-gcc/15.2.1-1.1.1/.content/bin/../lib/gcc/arm-none-eabi/15.2.1/../../../../arm-none-eabi/lib/thumb/v7e-m/nofp\libg_nano.a(libc_a-freer.o)
                                 0x3a (size before relaxing)
 .comment       0x00000039        0x0 C:/Users/User/AppData/Roaming/xPacks/@xpack-dev-tools/arm-none-eabi-gcc/15.2.1-1.1.1/.content/bin/../lib/gcc/arm-none-eabi/15.2.1/../../../../arm-none-eabi/lib/thumb/v7e-m/nofp\libg_nano.a(libc_a-reallocr.o)
                                 0x3a (size before relaxing)
 .comment       0x00000039        0x0 C:/Users/User/AppData/Roaming/xPacks/@xpack-dev-tools/arm-none-eabi-gcc/15.2.1-1.1.1/.content/bin/../lib/gcc/arm-none-eabi/15.2.1/../../../../arm-none-eabi/lib/thumb/v7e-m/nofp\libg_nano.a(libc_a-msizer.o)
                                 0x3a (size before relaxing)

.ARM.attributes
                0x00000000       0x2c
 .ARM.attributes
                0x00000000       0x2e ./system/src/stm32f4-hal/stm32f4xx_hal.o
 .ARM.attributes
                0x0000002e       0x2e ./system/src/stm32f4-hal/stm32f4xx_hal_cortex.o
 .ARM.attributes
                0x0000005c       0x2e ./system/src/stm32f4-hal/stm32f4xx_hal_gpio.o
 .ARM.attributes
                0x0000008a       0x2e ./system/src/stm32f4-hal/stm32f4xx_hal_i2c.o
 .ARM.attributes
                0x000000b8       0x2e ./system/src/stm32f4-hal/stm32f4xx_hal_rcc.o
 .ARM.attributes
                0x000000e6       0x2e ./system/src/stm32f4-hal/stm32f4xx_hal_spi.o
 .ARM.attributes
                0x00000114       0x2e ./system/src/newlib/assert.o
 .ARM.attributes
                0x00000142       0x2e ./system/src/newlib/exit.o
 .ARM.attributes
                0x00000170       0x2e ./system/src/newlib/sbrk.o
 .ARM.attributes
                0x0000019e       0x2e ./system/src/newlib/startup.o
 .ARM.attributes
                0x000001cc       0x2e ./system/src/newlib/syscalls.o
 .ARM.attributes
                0x000001fa       0x2e ./system/src/diag/trace-impl.o
 .ARM.attributes
                0x00000228       0x2e ./system/src/diag/trace.o
 .ARM.attributes
                0x00000256       0x2e ./system/src/cortexm/exception-handlers.o
 .ARM.attributes
                0x00000284       0x2e ./system/src/cortexm/initialize-hardware.o
 .ARM.attributes
                0x000002b2       0x2e ./system/src/cmsis/system_stm32f4xx.o
 .ARM.attributes
                0x000002e0       0x2e ./system/src/cmsis/vectors_stm32f407xx.o
 .ARM.attributes
                0x0000030e       0x2e ./src/es_wifi.o
 .ARM.attributes
                0x0000033c       0x2e ./src/es_wifi_io.o
 .ARM.attributes
                0x0000036a       0x2e ./src/initialize-hardware.o
 .ARM.attributes
                0x00000398       0x2e ./src/main.o
 .ARM.attributes
                0x000003c6       0x2e ./src/stm32f413h_discovery.o
 .ARM.attributes
                0x000003f4       0x2e ./src/stm32f4xx_hal_msp.o
 .ARM.attributes
                0x00000422       0x2e ./src/timer.o
 .ARM.attributes
                0x00000450       0x2e ./src/wifi.o
 .ARM.attributes
                0x0000047e       0x1e C:/Users/User/AppData/Roaming/xPacks/@xpack-dev-tools/arm-none-eabi-gcc/15.2.1-1.1.1/.content/bin/../lib/gcc/arm-none-eabi/15.2.1/thumb/v7e-m/nofp\libgcc.a(_aeabi_uldivmod.o)
 .ARM.attributes
                0x0000049c       0x2e C:/Users/User/AppData/Roaming/xPacks/@xpack-dev-tools/arm-none-eabi-gcc/15.2.1-1.1.1/.content/bin/../lib/gcc/arm-none-eabi/15.2.1/thumb/v7e-m/nofp\libgcc.a(_udivmoddi4.o)
 .ARM.attributes
                0x000004ca       0x1e C:/Users/User/AppData/Roaming/xPacks/@xpack-dev-tools/arm-none-eabi-gcc/15.2.1-1.1.1/.content/bin/../lib/gcc/arm-none-eabi/15.2.1/thumb/v7e-m/nofp\libgcc.a(_dvmd_tls.o)
 .ARM.attributes
                0x000004e8       0x2e C:/Users/User/AppData/Roaming/xPacks/@xpack-dev-tools/arm-none-eabi-gcc/15.2.1-1.1.1/.content/bin/../lib/gcc/arm-none-eabi/15.2.1/../../../../arm-none-eabi/lib/thumb/v7e-m/nofp\libg_nano.a(libc_a-sprintf.o)
 .ARM.attributes
                0x00000516       0x2e C:/Users/User/AppData/Roaming/xPacks/@xpack-dev-tools/arm-none-eabi-gcc/15.2.1-1.1.1/.content/bin/../lib/gcc/arm-none-eabi/15.2.1/../../../../arm-none-eabi/lib/thumb/v7e-m/nofp\libg_nano.a(libc_a-vsnprintf.o)
 .ARM.attributes
                0x00000544       0x2e C:/Users/User/AppData/Roaming/xPacks/@xpack-dev-tools/arm-none-eabi-gcc/15.2.1-1.1.1/.content/bin/../lib/gcc/arm-none-eabi/15.2.1/../../../../arm-none-eabi/lib/thumb/v7e-m/nofp\libg_nano.a(libc_a-memset.o)
 .ARM.attributes
                0x00000572       0x2e C:/Users/User/AppData/Roaming/xPacks/@xpack-dev-tools/arm-none-eabi-gcc/15.2.1-1.1.1/.content/bin/../lib/gcc/arm-none-eabi/15.2.1/../../../../arm-none-eabi/lib/thumb/v7e-m/nofp\libg_nano.a(libc_a-strncpy.o)
 .ARM.attributes
                0x000005a0       0x2e C:/Users/User/AppData/Roaming/xPacks/@xpack-dev-tools/arm-none-eabi-gcc/15.2.1-1.1.1/.content/bin/../lib/gcc/arm-none-eabi/15.2.1/../../../../arm-none-eabi/lib/thumb/v7e-m/nofp\libg_nano.a(libc_a-strtok.o)
 .ARM.attributes
                0x000005ce       0x2e C:/Users/User/AppData/Roaming/xPacks/@xpack-dev-tools/arm-none-eabi-gcc/15.2.1-1.1.1/.content/bin/../lib/gcc/arm-none-eabi/15.2.1/../../../../arm-none-eabi/lib/thumb/v7e-m/nofp\libg_nano.a(libc_a-strtok_r.o)
 .ARM.attributes
                0x000005fc       0x2e C:/Users/User/AppData/Roaming/xPacks/@xpack-dev-tools/arm-none-eabi-gcc/15.2.1-1.1.1/.content/bin/../lib/gcc/arm-none-eabi/15.2.1/../../../../arm-none-eabi/lib/thumb/v7e-m/nofp\libg_nano.a(libc_a-strstr.o)
 .ARM.attributes
                0x0000062a       0x2e C:/Users/User/AppData/Roaming/xPacks/@xpack-dev-tools/arm-none-eabi-gcc/15.2.1-1.1.1/.content/bin/../lib/gcc/arm-none-eabi/15.2.1/../../../../arm-none-eabi/lib/thumb/v7e-m/nofp\libg_nano.a(libc_a-impure.o)
 .ARM.attributes
                0x00000658       0x2e C:/Users/User/AppData/Roaming/xPacks/@xpack-dev-tools/arm-none-eabi-gcc/15.2.1-1.1.1/.content/bin/../lib/gcc/arm-none-eabi/15.2.1/../../../../arm-none-eabi/lib/thumb/v7e-m/nofp\libg_nano.a(libc_a-errno.o)
 .ARM.attributes
                0x00000686       0x2e C:/Users/User/AppData/Roaming/xPacks/@xpack-dev-tools/arm-none-eabi-gcc/15.2.1-1.1.1/.content/bin/../lib/gcc/arm-none-eabi/15.2.1/../../../../arm-none-eabi/lib/thumb/v7e-m/nofp\libg_nano.a(libc_a-memcpy-stub.o)
 .ARM.attributes
                0x000006b4       0x17 C:/Users/User/AppData/Roaming/xPacks/@xpack-dev-tools/arm-none-eabi-gcc/15.2.1-1.1.1/.content/bin/../lib/gcc/arm-none-eabi/15.2.1/../../../../arm-none-eabi/lib/thumb/v7e-m/nofp\libg_nano.a(libc_a-strlen.o)
 .ARM.attributes
                0x000006cb       0x2e C:/Users/User/AppData/Roaming/xPacks/@xpack-dev-tools/arm-none-eabi-gcc/15.2.1-1.1.1/.content/bin/../lib/gcc/arm-none-eabi/15.2.1/../../../../arm-none-eabi/lib/thumb/v7e-m/nofp\libg_nano.a(libc_a-malloc.o)
 .ARM.attributes
                0x000006f9       0x2e C:/Users/User/AppData/Roaming/xPacks/@xpack-dev-tools/arm-none-eabi-gcc/15.2.1-1.1.1/.content/bin/../lib/gcc/arm-none-eabi/15.2.1/../../../../arm-none-eabi/lib/thumb/v7e-m/nofp\libg_nano.a(libc_a-mallocr.o)
 .ARM.attributes
                0x00000727       0x2e C:/Users/User/AppData/Roaming/xPacks/@xpack-dev-tools/arm-none-eabi-gcc/15.2.1-1.1.1/.content/bin/../lib/gcc/arm-none-eabi/15.2.1/../../../../arm-none-eabi/lib/thumb/v7e-m/nofp\libg_nano.a(libc_a-mlock.o)
 .ARM.attributes
                0x00000755       0x2e C:/Users/User/AppData/Roaming/xPacks/@xpack-dev-tools/arm-none-eabi-gcc/15.2.1-1.1.1/.content/bin/../lib/gcc/arm-none-eabi/15.2.1/../../../../arm-none-eabi/lib/thumb/v7e-m/nofp\libg_nano.a(libc_a-nano-svfprintf.o)
 .ARM.attributes
                0x00000783       0x2e C:/Users/User/AppData/Roaming/xPacks/@xpack-dev-tools/arm-none-eabi-gcc/15.2.1-1.1.1/.content/bin/../lib/gcc/arm-none-eabi/15.2.1/../../../../arm-none-eabi/lib/thumb/v7e-m/nofp\libg_nano.a(libc_a-nano-vfprintf_i.o)
 .ARM.attributes
                0x000007b1       0x2e C:/Users/User/AppData/Roaming/xPacks/@xpack-dev-tools/arm-none-eabi-gcc/15.2.1-1.1.1/.content/bin/../lib/gcc/arm-none-eabi/15.2.1/../../../../arm-none-eabi/lib/thumb/v7e-m/nofp\libg_nano.a(libc_a-memmove.o)
 .ARM.attributes
                0x000007df       0x2e C:/Users/User/AppData/Roaming/xPacks/@xpack-dev-tools/arm-none-eabi-gcc/15.2.1-1.1.1/.content/bin/../lib/gcc/arm-none-eabi/15.2.1/../../../../arm-none-eabi/lib/thumb/v7e-m/nofp\libg_nano.a(libc_a-sbrkr.o)
 .ARM.attributes
                0x0000080d       0x2e C:/Users/User/AppData/Roaming/xPacks/@xpack-dev-tools/arm-none-eabi-gcc/15.2.1-1.1.1/.content/bin/../lib/gcc/arm-none-eabi/15.2.1/../../../../arm-none-eabi/lib/thumb/v7e-m/nofp\libg_nano.a(libc_a-lock.o)
 .ARM.attributes
                0x0000083b       0x1c C:/Users/User/AppData/Roaming/xPacks/@xpack-dev-tools/arm-none-eabi-gcc/15.2.1-1.1.1/.content/bin/../lib/gcc/arm-none-eabi/15.2.1/../../../../arm-none-eabi/lib/thumb/v7e-m/nofp\libg_nano.a(libc_a-memchr.o)
 .ARM.attributes
                0x00000857       0x2e C:/Users/User/AppData/Roaming/xPacks/@xpack-dev-tools/arm-none-eabi-gcc/15.2.1-1.1.1/.content/bin/../lib/gcc/arm-none-eabi/15.2.1/../../../../arm-none-eabi/lib/thumb/v7e-m/nofp\libg_nano.a(libc_a-freer.o)
 .ARM.attributes
                0x00000885       0x2e C:/Users/User/AppData/Roaming/xPacks/@xpack-dev-tools/arm-none-eabi-gcc/15.2.1-1.1.1/.content/bin/../lib/gcc/arm-none-eabi/15.2.1/../../../../arm-none-eabi/lib/thumb/v7e-m/nofp\libg_nano.a(libc_a-reallocr.o)
 .ARM.attributes
                0x000008b3       0x2e C:/Users/User/AppData/Roaming/xPacks/@xpack-dev-tools/arm-none-eabi-gcc/15.2.1-1.1.1/.content/bin/../lib/gcc/arm-none-eabi/15.2.1/../../../../arm-none-eabi/lib/thumb/v7e-m/nofp\libg_nano.a(libc_a-msizer.o)

.debug
 *(.debug)

.line
 *(.line)

.debug_srcinfo
 *(.debug_srcinfo)

.debug_sfnames
 *(.debug_sfnames)

.debug_aranges  0x00000000      0xea0
 *(.debug_aranges)
 .debug_aranges
                0x00000000       0xf0 ./system/src/stm32f4-hal/stm32f4xx_hal.o
 .debug_aranges
                0x000000f0       0xd8 ./system/src/stm32f4-hal/stm32f4xx_hal_cortex.o
 .debug_aranges
                0x000001c8       0x58 ./system/src/stm32f4-hal/stm32f4xx_hal_gpio.o
 .debug_aranges
                0x00000220      0x2a0 ./system/src/stm32f4-hal/stm32f4xx_hal_i2c.o
 .debug_aranges
                0x000004c0       0x88 ./system/src/stm32f4-hal/stm32f4xx_hal_rcc.o
 .debug_aranges
                0x00000548      0x1f0 ./system/src/stm32f4-hal/stm32f4xx_hal_spi.o
 .debug_aranges
                0x00000738       0x28 ./system/src/newlib/assert.o
 .debug_aranges
                0x00000760       0x28 ./system/src/newlib/exit.o
 .debug_aranges
                0x00000788       0x20 ./system/src/newlib/sbrk.o
 .debug_aranges
                0x000007a8       0x40 ./system/src/newlib/startup.o
 .debug_aranges
                0x000007e8       0x30 ./system/src/newlib/syscalls.o
 .debug_aranges
                0x00000818       0x30 ./system/src/diag/trace-impl.o
 .debug_aranges
                0x00000848       0x38 ./system/src/diag/trace.o
 .debug_aranges
                0x00000880       0x90 ./system/src/cortexm/exception-handlers.o
 .debug_aranges
                0x00000910       0x28 ./system/src/cortexm/initialize-hardware.o
 .debug_aranges
                0x00000938       0x28 ./system/src/cmsis/system_stm32f4xx.o
 .debug_aranges
                0x00000960       0x20 ./system/src/cmsis/vectors_stm32f407xx.o
 .debug_aranges
                0x00000980      0x170 ./src/es_wifi.o
 .debug_aranges
                0x00000af0       0x48 ./src/es_wifi_io.o
 .debug_aranges
                0x00000b38       0x30 ./src/initialize-hardware.o
 .debug_aranges
                0x00000b68       0x70 ./src/main.o
 .debug_aranges
                0x00000bd8      0x158 ./src/stm32f413h_discovery.o
 .debug_aranges
                0x00000d30       0x38 ./src/stm32f4xx_hal_msp.o
 .debug_aranges
                0x00000d68       0x38 ./src/timer.o
 .debug_aranges
                0x00000da0       0xa0 ./src/wifi.o
 .debug_aranges
                0x00000e40       0x20 C:/Users/User/AppData/Roaming/xPacks/@xpack-dev-tools/arm-none-eabi-gcc/15.2.1-1.1.1/.content/bin/../lib/gcc/arm-none-eabi/15.2.1/thumb/v7e-m/nofp\libgcc.a(_aeabi_uldivmod.o)
 .debug_aranges
                0x00000e60       0x20 C:/Users/User/AppData/Roaming/xPacks/@xpack-dev-tools/arm-none-eabi-gcc/15.2.1-1.1.1/.content/bin/../lib/gcc/arm-none-eabi/15.2.1/thumb/v7e-m/nofp\libgcc.a(_udivmoddi4.o)
 .debug_aranges
                0x00000e80       0x20 C:/Users/User/AppData/Roaming/xPacks/@xpack-dev-tools/arm-none-eabi-gcc/15.2.1-1.1.1/.content/bin/../lib/gcc/arm-none-eabi/15.2.1/thumb/v7e-m/nofp\libgcc.a(_dvmd_tls.o)

.debug_pubnames
 *(.debug_pubnames)

.debug_info     0x00000000    0x15dcb
 *(.debug_info .gnu.linkonce.wi.*)
 .debug_info    0x00000000      0xaa7 ./system/src/stm32f4-hal/stm32f4xx_hal.o
 .debug_info    0x00000aa7     0x123e ./system/src/stm32f4-hal/stm32f4xx_hal_cortex.o
 .debug_info    0x00001ce5      0x8d5 ./system/src/stm32f4-hal/stm32f4xx_hal_gpio.o
 .debug_info    0x000025ba     0x3a74 ./system/src/stm32f4-hal/stm32f4xx_hal_i2c.o
 .debug_info    0x0000602e      0xd2a ./system/src/stm32f4-hal/stm32f4xx_hal_rcc.o
 .debug_info    0x00006d58     0x2226 ./system/src/stm32f4-hal/stm32f4xx_hal_spi.o
 .debug_info    0x00008f7e      0x1d3 ./system/src/newlib/assert.o
 .debug_info    0x00009151      0x104 ./system/src/newlib/exit.o
 .debug_info    0x00009255      0x10f ./system/src/newlib/sbrk.o
 .debug_info    0x00009364      0x549 ./system/src/newlib/startup.o
 .debug_info    0x000098ad      0x1c3 ./system/src/newlib/syscalls.o
 .debug_info    0x00009a70      0x325 ./system/src/diag/trace-impl.o
 .debug_info    0x00009d95      0x34b ./system/src/diag/trace.o
 .debug_info    0x0000a0e0      0x91e ./system/src/cortexm/exception-handlers.o
 .debug_info    0x0000a9fe      0x278 ./system/src/cortexm/initialize-hardware.o
 .debug_info    0x0000ac76      0x549 ./system/src/cmsis/system_stm32f4xx.o
 .debug_info    0x0000b1bf      0x10b ./system/src/cmsis/vectors_stm32f407xx.o
 .debug_info    0x0000b2ca     0x2b48 ./src/es_wifi.o
 .debug_info    0x0000de12     0x1691 ./src/es_wifi_io.o
 .debug_info    0x0000f4a3      0x60b ./src/initialize-hardware.o
 .debug_info    0x0000faae     0x1bf1 ./src/main.o
 .debug_info    0x0001169f     0x24cf ./src/stm32f413h_discovery.o
 .debug_info    0x00013b6e       0xb8 ./src/stm32f4xx_hal_msp.o
 .debug_info    0x00013c26      0x814 ./src/timer.o
 .debug_info    0x0001443a     0x1229 ./src/wifi.o
 .debug_info    0x00015663       0x24 C:/Users/User/AppData/Roaming/xPacks/@xpack-dev-tools/arm-none-eabi-gcc/15.2.1-1.1.1/.content/bin/../lib/gcc/arm-none-eabi/15.2.1/thumb/v7e-m/nofp\libgcc.a(_aeabi_uldivmod.o)
 .debug_info    0x00015687      0x708 C:/Users/User/AppData/Roaming/xPacks/@xpack-dev-tools/arm-none-eabi-gcc/15.2.1-1.1.1/.content/bin/../lib/gcc/arm-none-eabi/15.2.1/thumb/v7e-m/nofp\libgcc.a(_udivmoddi4.o)
 .debug_info    0x00015d8f       0x3c C:/Users/User/AppData/Roaming/xPacks/@xpack-dev-tools/arm-none-eabi-gcc/15.2.1-1.1.1/.content/bin/../lib/gcc/arm-none-eabi/15.2.1/thumb/v7e-m/nofp\libgcc.a(_dvmd_tls.o)

.debug_abbrev   0x00000000     0x366c
 *(.debug_abbrev)
 .debug_abbrev  0x00000000      0x249 ./system/src/stm32f4-hal/stm32f4xx_hal.o
 .debug_abbrev  0x00000249      0x400 ./system/src/stm32f4-hal/stm32f4xx_hal_cortex.o
 .debug_abbrev  0x00000649      0x23f ./system/src/stm32f4-hal/stm32f4xx_hal_gpio.o
 .debug_abbrev  0x00000888      0x2da ./system/src/stm32f4-hal/stm32f4xx_hal_i2c.o
 .debug_abbrev  0x00000b62      0x2dd ./system/src/stm32f4-hal/stm32f4xx_hal_rcc.o
 .debug_abbrev  0x00000e3f      0x293 ./system/src/stm32f4-hal/stm32f4xx_hal_spi.o
 .debug_abbrev  0x000010d2       0xf2 ./system/src/newlib/assert.o
 .debug_abbrev  0x000011c4       0xc5 ./system/src/newlib/exit.o
 .debug_abbrev  0x00001289       0xcc ./system/src/newlib/sbrk.o
 .debug_abbrev  0x00001355      0x25a ./system/src/newlib/startup.o
 .debug_abbrev  0x000015af      0x118 ./system/src/newlib/syscalls.o
 .debug_abbrev  0x000016c7      0x1e6 ./system/src/diag/trace-impl.o
 .debug_abbrev  0x000018ad      0x184 ./system/src/diag/trace.o
 .debug_abbrev  0x00001a31      0x28c ./system/src/cortexm/exception-handlers.o
 .debug_abbrev  0x00001cbd      0x105 ./system/src/cortexm/initialize-hardware.o
 .debug_abbrev  0x00001dc2      0x121 ./system/src/cmsis/system_stm32f4xx.o
 .debug_abbrev  0x00001ee3       0xb8 ./system/src/cmsis/vectors_stm32f407xx.o
 .debug_abbrev  0x00001f9b      0x340 ./src/es_wifi.o
 .debug_abbrev  0x000022db      0x2f5 ./src/es_wifi_io.o
 .debug_abbrev  0x000025d0      0x20d ./src/initialize-hardware.o
 .debug_abbrev  0x000027dd      0x389 ./src/main.o
 .debug_abbrev  0x00002b66      0x375 ./src/stm32f413h_discovery.o
 .debug_abbrev  0x00002edb       0x47 ./src/stm32f4xx_hal_msp.o
 .debug_abbrev  0x00002f22      0x2f7 ./src/timer.o
 .debug_abbrev  0x00003219      0x2a9 ./src/wifi.o
 .debug_abbrev  0x000034c2       0x14 C:/Users/User/AppData/Roaming/xPacks/@xpack-dev-tools/arm-none-eabi-gcc/15.2.1-1.1.1/.content/bin/../lib/gcc/arm-none-eabi/15.2.1/thumb/v7e-m/nofp\libgcc.a(_aeabi_uldivmod.o)
 .debug_abbrev  0x000034d6      0x170 C:/Users/User/AppData/Roaming/xPacks/@xpack-dev-tools/arm-none-eabi-gcc/15.2.1-1.1.1/.content/bin/../lib/gcc/arm-none-eabi/15.2.1/thumb/v7e-m/nofp\libgcc.a(_udivmoddi4.o)
 .debug_abbrev  0x00003646       0x26 C:/Users/User/AppData/Roaming/xPacks/@xpack-dev-tools/arm-none-eabi-gcc/15.2.1-1.1.1/.content/bin/../lib/gcc/arm-none-eabi/15.2.1/thumb/v7e-m/nofp\libgcc.a(_dvmd_tls.o)

.debug_line     0x00000000    0x19798
 *(.debug_line)
 .debug_line    0x00000000      0xc05 ./system/src/stm32f4-hal/stm32f4xx_hal.o
 .debug_line    0x00000c05      0xffd ./system/src/stm32f4-hal/stm32f4xx_hal_cortex.o
 .debug_line    0x00001c02      0xed3 ./system/src/stm32f4-hal/stm32f4xx_hal_gpio.o
 .debug_line    0x00002ad5     0x59a3 ./system/src/stm32f4-hal/stm32f4xx_hal_i2c.o
 .debug_line    0x00008478     0x1351 ./system/src/stm32f4-hal/stm32f4xx_hal_rcc.o
 .debug_line    0x000097c9     0x2f4b ./system/src/stm32f4-hal/stm32f4xx_hal_spi.o
 .debug_line    0x0000c714      0x44d ./system/src/newlib/assert.o
 .debug_line    0x0000cb61      0x3fa ./system/src/newlib/exit.o
 .debug_line    0x0000cf5b      0x3f7 ./system/src/newlib/sbrk.o
 .debug_line    0x0000d352      0x661 ./system/src/newlib/startup.o
 .debug_line    0x0000d9b3      0x4c6 ./system/src/newlib/syscalls.o
 .debug_line    0x0000de79      0xc51 ./system/src/diag/trace-impl.o
 .debug_line    0x0000eaca      0x4de ./system/src/diag/trace.o
 .debug_line    0x0000efa8      0xe49 ./system/src/cortexm/exception-handlers.o
 .debug_line    0x0000fdf1      0x8c5 ./system/src/cortexm/initialize-hardware.o
 .debug_line    0x000106b6      0x955 ./system/src/cmsis/system_stm32f4xx.o
 .debug_line    0x0001100b      0x135 ./system/src/cmsis/vectors_stm32f407xx.o
 .debug_line    0x00011140     0x1b44 ./src/es_wifi.o
 .debug_line    0x00012c84     0x1108 ./src/es_wifi_io.o
 .debug_line    0x00013d8c      0xc23 ./src/initialize-hardware.o
 .debug_line    0x000149af     0x1404 ./src/main.o
 .debug_line    0x00015db3     0x1187 ./src/stm32f413h_discovery.o
 .debug_line    0x00016f3a      0x8b5 ./src/stm32f4xx_hal_msp.o
 .debug_line    0x000177ef      0x98e ./src/timer.o
 .debug_line    0x0001817d      0xf26 ./src/wifi.o
 .debug_line    0x000190a3       0x4e C:/Users/User/AppData/Roaming/xPacks/@xpack-dev-tools/arm-none-eabi-gcc/15.2.1-1.1.1/.content/bin/../lib/gcc/arm-none-eabi/15.2.1/thumb/v7e-m/nofp\libgcc.a(_aeabi_uldivmod.o)
 .debug_line    0x000190f1      0x65d C:/Users/User/AppData/Roaming/xPacks/@xpack-dev-tools/arm-none-eabi-gcc/15.2.1-1.1.1/.content/bin/../lib/gcc/arm-none-eabi/15.2.1/thumb/v7e-m/nofp\libgcc.a(_udivmoddi4.o)
 .debug_line    0x0001974e       0x4a C:/Users/User/AppData/Roaming/xPacks/@xpack-dev-tools/arm-none-eabi-gcc/15.2.1-1.1.1/.content/bin/../lib/gcc/arm-none-eabi/15.2.1/thumb/v7e-m/nofp\libgcc.a(_dvmd_tls.o)

.debug_frame    0x00000000     0x28d4
 *(.debug_frame)
 .debug_frame   0x00000000      0x1f0 ./system/src/stm32f4-hal/stm32f4xx_hal.o
 .debug_frame   0x000001f0      0x214 ./system/src/stm32f4-hal/stm32f4xx_hal_cortex.o
 .debug_frame   0x00000404       0xfc ./system/src/stm32f4-hal/stm32f4xx_hal_gpio.o
 .debug_frame   0x00000500      0x924 ./system/src/stm32f4-hal/stm32f4xx_hal_i2c.o
 .debug_frame   0x00000e24      0x16c ./system/src/stm32f4-hal/stm32f4xx_hal_rcc.o
 .debug_frame   0x00000f90      0x61c ./system/src/stm32f4-hal/stm32f4xx_hal_spi.o
 .debug_frame   0x000015ac       0x40 ./system/src/newlib/assert.o
 .debug_frame   0x000015ec       0x38 ./system/src/newlib/exit.o
 .debug_frame   0x00001624       0x28 ./system/src/newlib/sbrk.o
 .debug_frame   0x0000164c       0x7c ./system/src/newlib/startup.o
 .debug_frame   0x000016c8       0x50 ./system/src/newlib/syscalls.o
 .debug_frame   0x00001718       0x64 ./system/src/diag/trace-impl.o
 .debug_frame   0x0000177c       0x94 ./system/src/diag/trace.o
 .debug_frame   0x00001810      0x158 ./system/src/cortexm/exception-handlers.o
 .debug_frame   0x00001968       0x40 ./system/src/cortexm/initialize-hardware.o
 .debug_frame   0x000019a8       0x30 ./system/src/cmsis/system_stm32f4xx.o
 .debug_frame   0x000019d8       0x20 ./system/src/cmsis/vectors_stm32f407xx.o
 .debug_frame   0x000019f8      0x4cc ./src/es_wifi.o
 .debug_frame   0x00001ec4       0xd4 ./src/es_wifi_io.o
 .debug_frame   0x00001f98       0x64 ./src/initialize-hardware.o
 .debug_frame   0x00001ffc      0x158 ./src/main.o
 .debug_frame   0x00002154      0x43c ./src/stm32f413h_discovery.o
 .debug_frame   0x00002590       0x50 ./src/stm32f4xx_hal_msp.o
 .debug_frame   0x000025e0       0x58 ./src/timer.o
 .debug_frame   0x00002638      0x1d0 ./src/wifi.o
 .debug_frame   0x00002808       0x2c C:/Users/User/AppData/Roaming/xPacks/@xpack-dev-tools/arm-none-eabi-gcc/15.2.1-1.1.1/.content/bin/../lib/gcc/arm-none-eabi/15.2.1/thumb/v7e-m/nofp\libgcc.a(_aeabi_uldivmod.o)
 .debug_frame   0x00002834       0x34 C:/Users/User/AppData/Roaming/xPacks/@xpack-dev-tools/arm-none-eabi-gcc/15.2.1-1.1.1/.content/bin/../lib/gcc/arm-none-eabi/15.2.1/thumb/v7e-m/nofp\libgcc.a(_udivmoddi4.o)
 .debug_frame   0x00002868       0x20 C:/Users/User/AppData/Roaming/xPacks/@xpack-dev-tools/arm-none-eabi-gcc/15.2.1-1.1.1/.content/bin/../lib/gcc/arm-none-eabi/15.2.1/../../../../arm-none-eabi/lib/thumb/v7e-m/nofp\libg_nano.a(libc_a-strlen.o)
 .debug_frame   0x00002888       0x4c C:/Users/User/AppData/Roaming/xPacks/@xpack-dev-tools/arm-none-eabi-gcc/15.2.1-1.1.1/.content/bin/../lib/gcc/arm-none-eabi/15.2.1/../../../../arm-none-eabi/lib/thumb/v7e-m/nofp\libg_nano.a(libc_a-memchr.o)

.debug_str      0x00000000    0xff45a
 *(.debug_str)
 .debug_str     0x00000000    0xff45a ./system/src/stm32f4-hal/stm32f4xx_hal.o
                              0xf22cf (size before relaxing)
 .debug_str     0x000ff45a        0x0 ./system/src/stm32f4-hal/stm32f4xx_hal_cortex.o
                              0xf1fcb (size before relaxing)
 .debug_str     0x000ff45a        0x0 ./system/src/stm32f4-hal/stm32f4xx_hal_gpio.o
                              0xf18b3 (size before relaxing)
 .debug_str     0x000ff45a        0x0 ./system/src/stm32f4-hal/stm32f4xx_hal_i2c.o
                              0xf2628 (size before relaxing)
 .debug_str     0x000ff45a        0x0 ./system/src/stm32f4-hal/stm32f4xx_hal_rcc.o
                              0xf1abb (size before relaxing)
 .debug_str     0x000ff45a        0x0 ./system/src/stm32f4-hal/stm32f4xx_hal_spi.o
                              0xf1f51 (size before relaxing)
 .debug_str     0x000ff45a        0x0 ./system/src/newlib/assert.o
                               0x8827 (size before relaxing)
 .debug_str     0x000ff45a        0x0 ./system/src/newlib/exit.o
                               0x7d21 (size before relaxing)
 .debug_str     0x000ff45a        0x0 ./system/src/newlib/sbrk.o
                               0x70d6 (size before relaxing)
 .debug_str     0x000ff45a        0x0 ./system/src/newlib/startup.o
                               0x679b (size before relaxing)
 .debug_str     0x000ff45a        0x0 ./system/src/newlib/syscalls.o
                               0x9064 (size before relaxing)
 .debug_str     0x000ff45a        0x0 ./system/src/diag/trace-impl.o
                              0xf4fc5 (size before relaxing)
 .debug_str     0x000ff45a        0x0 ./system/src/diag/trace.o
                               0x8495 (size before relaxing)
 .debug_str     0x000ff45a        0x0 ./system/src/cortexm/exception-handlers.o
                              0xf62e8 (size before relaxing)
 .debug_str     0x000ff45a        0x0 ./system/src/cortexm/initialize-hardware.o
                              0xf158e (size before relaxing)
 .debug_str     0x000ff45a        0x0 ./system/src/cmsis/system_stm32f4xx.o
                              0xf16a0 (size before relaxing)
 .debug_str     0x000ff45a        0x0 ./system/src/cmsis/vectors_stm32f407xx.o
                               0x3ab8 (size before relaxing)
 .debug_str     0x000ff45a        0x0 ./src/es_wifi.o
                              0xf5863 (size before relaxing)
 .debug_str     0x000ff45a        0x0 ./src/es_wifi_io.o
                              0xf6d54 (size before relaxing)
 .debug_str     0x000ff45a        0x0 ./src/initialize-hardware.o
                              0xf4fc3 (size before relaxing)
 .debug_str     0x000ff45a        0x0 ./src/main.o
                              0xf925d (size before relaxing)
 .debug_str     0x000ff45a        0x0 ./src/stm32f413h_discovery.o
                              0xf3b14 (size before relaxing)
 .debug_str     0x000ff45a        0x0 ./src/stm32f4xx_hal_msp.o
                              0xf14ce (size before relaxing)
 .debug_str     0x000ff45a        0x0 ./src/timer.o
                              0xf2016 (size before relaxing)
 .debug_str     0x000ff45a        0x0 ./src/wifi.o
                              0xf5a3e (size before relaxing)
 .debug_str     0x000ff45a        0x0 C:/Users/User/AppData/Roaming/xPacks/@xpack-dev-tools/arm-none-eabi-gcc/15.2.1-1.1.1/.content/bin/../lib/gcc/arm-none-eabi/15.2.1/thumb/v7e-m/nofp\libgcc.a(_aeabi_uldivmod.o)
                                0x191 (size before relaxing)
 .debug_str     0x000ff45a        0x0 C:/Users/User/AppData/Roaming/xPacks/@xpack-dev-tools/arm-none-eabi-gcc/15.2.1-1.1.1/.content/bin/../lib/gcc/arm-none-eabi/15.2.1/thumb/v7e-m/nofp\libgcc.a(_udivmoddi4.o)
                                0x7a7 (size before relaxing)
 .debug_str     0x000ff45a        0x0 C:/Users/User/AppData/Roaming/xPacks/@xpack-dev-tools/arm-none-eabi-gcc/15.2.1-1.1.1/.content/bin/../lib/gcc/arm-none-eabi/15.2.1/thumb/v7e-m/nofp\libgcc.a(_dvmd_tls.o)
                                0x1b1 (size before relaxing)

.debug_loc
 *(.debug_loc)

.debug_macinfo
 *(.debug_macinfo)

.debug_weaknames
 *(.debug_weaknames)

.debug_funcnames
 *(.debug_funcnames)

.debug_typenames
 *(.debug_typenames)

.debug_varnames
 *(.debug_varnames)
OUTPUT(BMA180_WebServer.elf elf32-littlearm)
LOAD linker stubs

.debug_loclists
                0x00000000     0x85e3
 .debug_loclists
                0x00000000       0xc4 ./system/src/stm32f4-hal/stm32f4xx_hal.o
 .debug_loclists
                0x000000c4      0x5fd ./system/src/stm32f4-hal/stm32f4xx_hal_cortex.o
 .debug_loclists
                0x000006c1      0x432 ./system/src/stm32f4-hal/stm32f4xx_hal_gpio.o
 .debug_loclists
                0x00000af3     0x2936 ./system/src/stm32f4-hal/stm32f4xx_hal_i2c.o
 .debug_loclists
                0x00003429      0x3d9 ./system/src/stm32f4-hal/stm32f4xx_hal_rcc.o
 .debug_loclists
                0x00003802     0x14b1 ./system/src/stm32f4-hal/stm32f4xx_hal_spi.o
 .debug_loclists
                0x00004cb3       0xf9 ./system/src/newlib/assert.o
 .debug_loclists
                0x00004dac       0x17 ./system/src/newlib/exit.o
 .debug_loclists
                0x00004dc3       0x75 ./system/src/newlib/sbrk.o
 .debug_loclists
                0x00004e38      0x2fd ./system/src/newlib/startup.o
 .debug_loclists
                0x00005135       0x63 ./system/src/newlib/syscalls.o
 .debug_loclists
                0x00005198      0x101 ./system/src/diag/trace-impl.o
 .debug_loclists
                0x00005299       0xc4 ./system/src/diag/trace.o
 .debug_loclists
                0x0000535d      0x227 ./system/src/cortexm/exception-handlers.o
 .debug_loclists
                0x00005584       0xe7 ./system/src/cmsis/system_stm32f4xx.o
 .debug_loclists
                0x0000566b     0x121d ./src/es_wifi.o
 .debug_loclists
                0x00006888      0x204 ./src/es_wifi_io.o
 .debug_loclists
                0x00006a8c       0x54 ./src/initialize-hardware.o
 .debug_loclists
                0x00006ae0      0x337 ./src/main.o
 .debug_loclists
                0x00006e17      0x76f ./src/stm32f413h_discovery.o
 .debug_loclists
                0x00007586       0x47 ./src/timer.o
 .debug_loclists
                0x000075cd      0x5c8 ./src/wifi.o
 .debug_loclists
                0x00007b95      0xa4e C:/Users/User/AppData/Roaming/xPacks/@xpack-dev-tools/arm-none-eabi-gcc/15.2.1-1.1.1/.content/bin/../lib/gcc/arm-none-eabi/15.2.1/thumb/v7e-m/nofp\libgcc.a(_udivmoddi4.o)

.debug_rnglists
                0x00000000      0xbef
 .debug_rnglists
                0x00000000       0xaf ./system/src/stm32f4-hal/stm32f4xx_hal.o
 .debug_rnglists
                0x000000af       0xda ./system/src/stm32f4-hal/stm32f4xx_hal_cortex.o
 .debug_rnglists
                0x00000189       0x3f ./system/src/stm32f4-hal/stm32f4xx_hal_gpio.o
 .debug_rnglists
                0x000001c8      0x22f ./system/src/stm32f4-hal/stm32f4xx_hal_i2c.o
 .debug_rnglists
                0x000003f7       0x75 ./system/src/stm32f4-hal/stm32f4xx_hal_rcc.o
 .debug_rnglists
                0x0000046c      0x183 ./system/src/stm32f4-hal/stm32f4xx_hal_spi.o
 .debug_rnglists
                0x000005ef       0x19 ./system/src/newlib/assert.o
 .debug_rnglists
                0x00000608       0x19 ./system/src/newlib/exit.o
 .debug_rnglists
                0x00000621       0x13 ./system/src/newlib/sbrk.o
 .debug_rnglists
                0x00000634       0x50 ./system/src/newlib/startup.o
 .debug_rnglists
                0x00000684       0x1f ./system/src/newlib/syscalls.o
 .debug_rnglists
                0x000006a3       0x2b ./system/src/diag/trace-impl.o
 .debug_rnglists
                0x000006ce       0x25 ./system/src/diag/trace.o
 .debug_rnglists
                0x000006f3       0x74 ./system/src/cortexm/exception-handlers.o
 .debug_rnglists
                0x00000767       0x19 ./system/src/cortexm/initialize-hardware.o
 .debug_rnglists
                0x00000780       0x1a ./system/src/cmsis/system_stm32f4xx.o
 .debug_rnglists
                0x0000079a       0x13 ./system/src/cmsis/vectors_stm32f407xx.o
 .debug_rnglists
                0x000007ad      0x127 ./src/es_wifi.o
 .debug_rnglists
                0x000008d4       0x34 ./src/es_wifi_io.o
 .debug_rnglists
                0x00000908       0x20 ./src/initialize-hardware.o
 .debug_rnglists
                0x00000928       0x6d ./src/main.o
 .debug_rnglists
                0x00000995      0x100 ./src/stm32f413h_discovery.o
 .debug_rnglists
                0x00000a95       0x25 ./src/stm32f4xx_hal_msp.o
 .debug_rnglists
                0x00000aba       0x25 ./src/timer.o
 .debug_rnglists
                0x00000adf       0x74 ./src/wifi.o
 .debug_rnglists
                0x00000b53       0x9c C:/Users/User/AppData/Roaming/xPacks/@xpack-dev-tools/arm-none-eabi-gcc/15.2.1-1.1.1/.content/bin/../lib/gcc/arm-none-eabi/15.2.1/thumb/v7e-m/nofp\libgcc.a(_udivmoddi4.o)

.debug_macro    0x00000000    0x2c520
 .debug_macro   0x00000000      0x41a ./system/src/stm32f4-hal/stm32f4xx_hal.o
 .debug_macro   0x0000041a      0xaf0 ./system/src/stm32f4-hal/stm32f4xx_hal.o
 .debug_macro   0x00000f0a      0x3a2 ./system/src/stm32f4-hal/stm32f4xx_hal.o
 .debug_macro   0x000012ac       0x2e ./system/src/stm32f4-hal/stm32f4xx_hal.o
 .debug_macro   0x000012da       0x28 ./system/src/stm32f4-hal/stm32f4xx_hal.o
 .debug_macro   0x00001302      0x34e ./system/src/stm32f4-hal/stm32f4xx_hal.o
 .debug_macro   0x00001650       0x1c ./system/src/stm32f4-hal/stm32f4xx_hal.o
 .debug_macro   0x0000166c       0x22 ./system/src/stm32f4-hal/stm32f4xx_hal.o
 .debug_macro   0x0000168e       0xd9 ./system/src/stm32f4-hal/stm32f4xx_hal.o